ARM Linker, 5.03 [Build 76] [MDK-ARM Lite]

==============================================================================

Section Cross References

    startup.o(STACK) refers (Special) to heapauxi.o(.text) for __use_two_region_memory
    startup.o(HEAP) refers (Special) to heapauxi.o(.text) for __use_two_region_memory
    startup.o(RESET) refers (Special) to heapauxi.o(.text) for __use_two_region_memory
    startup.o(RESET) refers to portasm.o(PORT_ASM) for vPortYieldProcessor
    startup.o(RESET) refers to startup.o(STACK) for Stack_Top
    startup.o(RESET) refers to __main.o(!!!main) for __main
    startup.o(.text) refers (Special) to heapauxi.o(.text) for __use_two_region_memory
    startup.o(.text) refers to startup.o(HEAP) for Heap_Mem
    startup.o(.text) refers to startup.o(STACK) for Stack_Mem
    main.o(.text) refers to queue.o(.text) for xQueueReceiveFromISR
    main.o(.text) refers to led.o(.text) for Led_Toggle
    main.o(.text) refers to timer_interrupts.o(.text) for Timer1Interrupts_Init
    main.o(.text) refers to tasks.o(.text) for vTaskStartScheduler
    main.o(.text) refers to main.o(.data) for xSemaphore
    led.o(.text) refers to led.o(.data) for uiCounter
    uart.o(.text) refers to string.o(.text) for CopyString
    uart.o(.text) refers to aeabi_sdiv.o(.text_udiv) for __aeabi_uidivmod
    uart.o(.text) refers to uart.o(.bss) for sReceiverBuffer
    uart.o(.text) refers to uart.o(.text) for UART0_Interrupt
    uart.o(.text) refers to uart.o(.text) for Receiver_PutCharacterToBuffer
    uart.o(.text) refers to uart.o(.data) for cOdebranyZnak
    uart.o(.text) refers to uart.o(.bss) for sTransmiterBuffer
    keyboard.o(.text) refers to keyboard.o(.data) for eButton
    servo.o(.text) refers to aeabi_sdiv.o(.text_udiv) for __aeabi_uidivmod
    servo.o(.text) refers to led.o(.text) for LedStepRight
    servo.o(.text) refers to queue.o(.text) for xQueueReceive
    servo.o(.text) refers to tasks.o(.text) for vTaskDelay
    servo.o(.text) refers to servo.o(.bss) for sServo
    servo.o(.text) refers to servo.o(.data) for xQueue
    timer_interrupts.o(.text) refers to timer_interrupts.o(.data) for ptrTimer0InterruptFunction
    timer_interrupts.o(.text) refers to timer_interrupts.o(.data) for ptrTimer0InterruptFunction
    timer_interrupts.o(.text) refers to timer_interrupts.o(.text) for Timer0IRQHandler
    tasks.o(.text) refers to list.o(.text) for vListInitialise
    tasks.o(.text) refers to port.o(.text) for vPortEnterCritical
    tasks.o(.text) refers to portasm.o(PORT_ASM) for vPortYield
    tasks.o(.text) refers to heap_2.o(.text) for pvPortMalloc
    tasks.o(.text) refers to rt_memclr_w.o(.text) for __aeabi_memclr4
    tasks.o(.text) refers to tasks.o(.bss) for pxReadyTasksLists
    tasks.o(.text) refers to tasks.o(.data) for pxDelayedTaskList
    tasks.o(.text) refers to tasks.o(i.__ARM_common_disable_irq) for __ARM_common_disable_irq
    tasks.o(.text) refers to tasks.o(i.__ARM_common_switch8) for __ARM_common_switch8
    queue.o(.text) refers to aeabi_sdiv.o(.text_udiv) for __aeabi_uidivmod
    queue.o(.text) refers to port.o(.text) for vPortEnterCritical
    queue.o(.text) refers to tasks.o(.text) for xTaskRemoveFromEventList
    queue.o(.text) refers to portasm.o(PORT_ASM) for vPortYield
    queue.o(.text) refers to list.o(.text) for vListInitialise
    queue.o(.text) refers to heap_2.o(.text) for pvPortMalloc
    queue.o(.text) refers to rt_memcpy.o(.text) for __aeabi_memcpy
    port.o(.text) refers to portasm.o(PORT_ASM) for vPortStartFirstTask
    port.o(.text) refers to tasks.o(i.__ARM_common_disable_irq) for __ARM_common_disable_irq
    port.o(.text) refers to port.o(i.__ARM_common_enable_irq) for __ARM_common_enable_irq
    port.o(.text) refers to port.o(.data) for ulCriticalNesting
    heap_2.o(.text) refers to tasks.o(.text) for vTaskSuspendAll
    heap_2.o(.text) refers to aeabi_sdiv.o(.text_udiv) for __aeabi_uidivmod
    heap_2.o(.text) refers to rt_memclr.o(.text) for __aeabi_memclr
    heap_2.o(.text) refers to heap_2.o(.bss) for ucHeap
    heap_2.o(.text) refers to heap_2.o(.data) for xStart
    portasm.o(PORT_ASM) refers to tasks.o(.data) for pxCurrentTCB
    portasm.o(PORT_ASM) refers to port.o(.data) for ulCriticalNesting
    portasm.o(PORT_ASM) refers to tasks.o(.text) for vTaskSwitchContext
    rt_memcpy.o(.text) refers to rt_memcpy_w.o(.text) for __aeabi_memcpy4
    rt_memclr.o(.text) refers to rt_memclr_w.o(.text) for _memset_w
    aeabi_sdiv.o(.text_udiv) refers to aeabi_sdiv.o(.text) for __arm_div2
    aeabi_sdiv_div0.o(.text_udiv) refers to aeabi_sdiv_div0.o(.text) for __arm_div2
    __main.o(!!!main) refers to rtentry.o(.ARM.Collect$$rtentry$$00000000) for __rt_entry
    rtentry.o(.ARM.Collect$$rtentry$$00000000) refers (Special) to rtentry2.o(.ARM.Collect$$rtentry$$0000000A) for __rt_entry_li
    rtentry.o(.ARM.Collect$$rtentry$$00000000) refers (Special) to rtentry2.o(.ARM.Collect$$rtentry$$0000000D) for __rt_entry_main
    rtentry.o(.ARM.Collect$$rtentry$$00000000) refers (Special) to rtentry2.o(.ARM.Collect$$rtentry$$0000000C) for __rt_entry_postli_1
    rtentry.o(.ARM.Collect$$rtentry$$00000000) refers (Special) to rtentry2.o(.ARM.Collect$$rtentry$$00000009) for __rt_entry_postsh_1
    rtentry.o(.ARM.Collect$$rtentry$$00000000) refers (Special) to rtentry2.o(.ARM.Collect$$rtentry$$00000002) for __rt_entry_presh_1
    rtentry.o(.ARM.Collect$$rtentry$$00000000) refers (Special) to rtentry4.o(.ARM.Collect$$rtentry$$00000004) for __rt_entry_sh
    aeabi_idiv0_sigfpe.o(.text) refers to rt_div0.o(.text) for __rt_div0
    rtentry2.o(.ARM.Collect$$rtentry$$00000008) refers to boardinit2.o(.text) for _platform_post_stackheap_init
    rtentry2.o(.ARM.Collect$$rtentry$$0000000A) refers to libinit.o(.ARM.Collect$$libinit$$00000000) for __rt_lib_init
    rtentry2.o(.ARM.Collect$$rtentry$$0000000B) refers to boardinit3.o(.text) for _platform_post_lib_init
    rtentry2.o(.ARM.Collect$$rtentry$$0000000D) refers to exit.o(.text) for exit
    rtentry2.o(.ARM.Collect$$rtentry$$0000000D) refers to main.o(.text) for main
    rtentry2.o(.ARM.exidx) refers to rtentry2.o(.ARM.Collect$$rtentry$$00000001) for .ARM.Collect$$rtentry$$00000001
    rtentry2.o(.ARM.exidx) refers to rtentry2.o(.ARM.Collect$$rtentry$$00000008) for .ARM.Collect$$rtentry$$00000008
    rtentry2.o(.ARM.exidx) refers to rtentry2.o(.ARM.Collect$$rtentry$$0000000A) for .ARM.Collect$$rtentry$$0000000A
    rtentry2.o(.ARM.exidx) refers to rtentry2.o(.ARM.Collect$$rtentry$$0000000B) for .ARM.Collect$$rtentry$$0000000B
    rtentry2.o(.ARM.exidx) refers to rtentry2.o(.ARM.Collect$$rtentry$$0000000D) for .ARM.Collect$$rtentry$$0000000D
    rtentry4.o(.ARM.Collect$$rtentry$$00000004) refers to sys_stackheap_outer.o(.text) for __user_setup_stackheap
    rtentry4.o(.ARM.exidx) refers to rtentry4.o(.ARM.Collect$$rtentry$$00000004) for .ARM.Collect$$rtentry$$00000004
    rt_div0.o(.text) refers to defsig_fpe_outer.o(.text) for __rt_SIGFPE
    sys_stackheap_outer.o(.text) refers to libspace.o(.text) for __user_perproc_libspace
    sys_stackheap_outer.o(.text) refers to startup.o(.text) for __user_initial_stackheap
    exit.o(.text) refers to rtexit.o(.ARM.Collect$$rtexit$$00000000) for __rt_exit
    defsig_fpe_outer.o(.text) refers to defsig_fpe_inner.o(.text) for __rt_SIGFPE_inner
    defsig_fpe_outer.o(.text) refers to defsig_exit.o(.text) for __sig_exit
    defsig_fpe_formal.o(.text) refers to rt_raise.o(.text) for __rt_raise
    libinit.o(.ARM.Collect$$libinit$$00000000) refers (Special) to libinit2.o(.ARM.Collect$$libinit$$0000002C) for __rt_lib_init_alloca_1
    libinit.o(.ARM.Collect$$libinit$$00000000) refers (Special) to libinit2.o(.ARM.Collect$$libinit$$0000002A) for __rt_lib_init_argv_1
    libinit.o(.ARM.Collect$$libinit$$00000000) refers (Special) to libinit2.o(.ARM.Collect$$libinit$$00000019) for __rt_lib_init_atexit_1
    libinit.o(.ARM.Collect$$libinit$$00000000) refers (Special) to libinit2.o(.ARM.Collect$$libinit$$0000001F) for __rt_lib_init_clock_1
    libinit.o(.ARM.Collect$$libinit$$00000000) refers (Special) to libinit2.o(.ARM.Collect$$libinit$$00000030) for __rt_lib_init_cpp_1
    libinit.o(.ARM.Collect$$libinit$$00000000) refers (Special) to libinit2.o(.ARM.Collect$$libinit$$0000002E) for __rt_lib_init_exceptions_1
    libinit.o(.ARM.Collect$$libinit$$00000000) refers (Special) to libinit2.o(.ARM.Collect$$libinit$$00000002) for __rt_lib_init_fp_1
    libinit.o(.ARM.Collect$$libinit$$00000000) refers (Special) to libinit2.o(.ARM.Collect$$libinit$$0000001D) for __rt_lib_init_fp_trap_1
    libinit.o(.ARM.Collect$$libinit$$00000000) refers (Special) to libinit2.o(.ARM.Collect$$libinit$$00000021) for __rt_lib_init_getenv_1
    libinit.o(.ARM.Collect$$libinit$$00000000) refers (Special) to libinit2.o(.ARM.Collect$$libinit$$00000008) for __rt_lib_init_heap_1
    libinit.o(.ARM.Collect$$libinit$$00000000) refers (Special) to libinit2.o(.ARM.Collect$$libinit$$0000000F) for __rt_lib_init_lc_collate_1
    libinit.o(.ARM.Collect$$libinit$$00000000) refers (Special) to libinit2.o(.ARM.Collect$$libinit$$00000011) for __rt_lib_init_lc_ctype_1
    libinit.o(.ARM.Collect$$libinit$$00000000) refers (Special) to libinit2.o(.ARM.Collect$$libinit$$00000013) for __rt_lib_init_lc_monetary_1
    libinit.o(.ARM.Collect$$libinit$$00000000) refers (Special) to libinit2.o(.ARM.Collect$$libinit$$00000015) for __rt_lib_init_lc_numeric_1
    libinit.o(.ARM.Collect$$libinit$$00000000) refers (Special) to libinit2.o(.ARM.Collect$$libinit$$00000017) for __rt_lib_init_lc_time_1
    libinit.o(.ARM.Collect$$libinit$$00000000) refers (Special) to libinit2.o(.ARM.Collect$$libinit$$0000000C) for __rt_lib_init_rand_1
    libinit.o(.ARM.Collect$$libinit$$00000000) refers (Special) to libinit2.o(.ARM.Collect$$libinit$$00000031) for __rt_lib_init_return
    libinit.o(.ARM.Collect$$libinit$$00000000) refers (Special) to libinit2.o(.ARM.Collect$$libinit$$0000001B) for __rt_lib_init_signal_1
    libinit.o(.ARM.Collect$$libinit$$00000000) refers (Special) to libinit2.o(.ARM.Collect$$libinit$$00000023) for __rt_lib_init_stdio_1
    libinit.o(.ARM.Collect$$libinit$$00000000) refers (Special) to libinit2.o(.ARM.Collect$$libinit$$0000000A) for __rt_lib_init_user_alloc_1
    libspace.o(.text) refers to libspace.o(.bss) for __libspace_start
    rtexit.o(.ARM.Collect$$rtexit$$00000000) refers (Special) to rtexit2.o(.ARM.Collect$$rtexit$$00000004) for __rt_exit_exit
    rtexit.o(.ARM.Collect$$rtexit$$00000000) refers (Special) to rtexit2.o(.ARM.Collect$$rtexit$$00000003) for __rt_exit_ls
    rtexit.o(.ARM.Collect$$rtexit$$00000000) refers (Special) to rtexit2.o(.ARM.Collect$$rtexit$$00000002) for __rt_exit_prels_1
    rtexit.o(.ARM.exidx) refers (Special) to rtexit2.o(.ARM.Collect$$rtexit$$00000004) for __rt_exit_exit
    rtexit.o(.ARM.exidx) refers (Special) to rtexit2.o(.ARM.Collect$$rtexit$$00000003) for __rt_exit_ls
    rtexit.o(.ARM.exidx) refers (Special) to rtexit2.o(.ARM.Collect$$rtexit$$00000002) for __rt_exit_prels_1
    rtexit.o(.ARM.exidx) refers to rtexit.o(.ARM.Collect$$rtexit$$00000000) for .ARM.Collect$$rtexit$$00000000
    rt_raise.o(.text) refers to __raise.o(.text) for __raise
    rt_raise.o(.text) refers to sys_exit.o(.text) for _sys_exit
    defsig_exit.o(.text) refers to sys_exit.o(.text) for _sys_exit
    defsig_fpe_inner.o(.text) refers to defsig_general.o(.text) for __default_signal_display
    libinit2.o(.ARM.Collect$$libinit$$00000001) refers to fpinit.o(x$fpl$fpinit) for _fp_init
    libinit2.o(.ARM.Collect$$libinit$$0000000E) refers to libinit2.o(.ARM.Collect$$libinit$$0000000D) for .ARM.Collect$$libinit$$0000000D
    libinit2.o(.ARM.Collect$$libinit$$00000010) refers to libinit2.o(.ARM.Collect$$libinit$$0000000D) for .ARM.Collect$$libinit$$0000000D
    libinit2.o(.ARM.Collect$$libinit$$00000012) refers to libinit2.o(.ARM.Collect$$libinit$$0000000D) for .ARM.Collect$$libinit$$0000000D
    libinit2.o(.ARM.Collect$$libinit$$00000014) refers to libinit2.o(.ARM.Collect$$libinit$$0000000D) for .ARM.Collect$$libinit$$0000000D
    libinit2.o(.ARM.Collect$$libinit$$00000016) refers to libinit2.o(.ARM.Collect$$libinit$$0000000D) for .ARM.Collect$$libinit$$0000000D
    libinit2.o(.ARM.Collect$$libinit$$00000024) refers to argv_veneer.o(.emb_text) for __ARM_argv_veneer
    libinit2.o(.ARM.Collect$$libinit$$00000025) refers to argv_veneer.o(.emb_text) for __ARM_argv_veneer
    sys_exit.o(.text) refers (Special) to use_no_semi.o(.text) for __I$use$semihosting
    sys_exit.o(.text) refers (Special) to indicate_semi.o(.text) for __semihosting_library_function
    rtexit2.o(.ARM.Collect$$rtexit$$00000003) refers to libshutdown.o(.ARM.Collect$$libshutdown$$00000000) for __rt_lib_shutdown
    rtexit2.o(.ARM.Collect$$rtexit$$00000004) refers to sys_exit.o(.text) for _sys_exit
    rtexit2.o(.ARM.exidx) refers to rtexit2.o(.ARM.Collect$$rtexit$$00000001) for .ARM.Collect$$rtexit$$00000001
    rtexit2.o(.ARM.exidx) refers to rtexit2.o(.ARM.Collect$$rtexit$$00000003) for .ARM.Collect$$rtexit$$00000003
    rtexit2.o(.ARM.exidx) refers to rtexit2.o(.ARM.Collect$$rtexit$$00000004) for .ARM.Collect$$rtexit$$00000004
    __raise.o(.text) refers to __raise.o(i.__ARM_common_call_via_r2) for __ARM_common_call_via_r2
    __raise.o(.text) refers to defsig.o(CL$$defsig) for __default_signal_handler
    defsig_general.o(.text) refers to sys_wrch.o(.text) for _ttywrch
    argv_veneer.o(.emb_text) refers to no_argv.o(.text) for __ARM_get_argv
    sys_wrch.o(.text) refers (Special) to use_no_semi.o(.text) for __I$use$semihosting
    sys_wrch.o(.text) refers (Special) to indicate_semi.o(.text) for __semihosting_library_function
    defsig.o(CL$$defsig) refers to defsig_fpe_inner.o(.text) for __rt_SIGFPE_inner
    defsig.o(CL$$defsig) refers to defsig_rtmem_inner.o(.text) for __rt_SIGRTMEM_inner
    _get_argv_nomalloc.o(.text) refers (Special) to hrguard.o(.text) for __heap_region$guard
    _get_argv_nomalloc.o(.text) refers to defsig_rtmem_outer.o(.text) for __rt_SIGRTMEM
    _get_argv_nomalloc.o(.text) refers to sys_command.o(.text) for _sys_command_string
    libshutdown.o(.ARM.Collect$$libshutdown$$00000000) refers (Special) to libshutdown2.o(.ARM.Collect$$libshutdown$$00000006) for __rt_lib_shutdown_fp_trap_1
    libshutdown.o(.ARM.Collect$$libshutdown$$00000000) refers (Special) to libshutdown2.o(.ARM.Collect$$libshutdown$$0000000E) for __rt_lib_shutdown_heap_1
    libshutdown.o(.ARM.Collect$$libshutdown$$00000000) refers (Special) to libshutdown2.o(.ARM.Collect$$libshutdown$$0000000F) for __rt_lib_shutdown_return
    libshutdown.o(.ARM.Collect$$libshutdown$$00000000) refers (Special) to libshutdown2.o(.ARM.Collect$$libshutdown$$00000009) for __rt_lib_shutdown_signal_1
    libshutdown.o(.ARM.Collect$$libshutdown$$00000000) refers (Special) to libshutdown2.o(.ARM.Collect$$libshutdown$$00000003) for __rt_lib_shutdown_stdio_1
    libshutdown.o(.ARM.Collect$$libshutdown$$00000000) refers (Special) to libshutdown2.o(.ARM.Collect$$libshutdown$$0000000B) for __rt_lib_shutdown_user_alloc_1
    sys_command.o(.text) refers (Special) to use_no_semi.o(.text) for __I$use$semihosting
    sys_command.o(.text) refers (Special) to indicate_semi.o(.text) for __semihosting_library_function
    defsig_abrt_inner.o(.text) refers to defsig_general.o(.text) for __default_signal_display
    defsig_rtred_inner.o(.text) refers to defsig_general.o(.text) for __default_signal_display
    defsig_rtmem_inner.o(.text) refers to defsig_general.o(.text) for __default_signal_display
    defsig_rtmem_outer.o(.text) refers to defsig_rtmem_inner.o(.text) for __rt_SIGRTMEM_inner
    defsig_rtmem_outer.o(.text) refers to defsig_exit.o(.text) for __sig_exit
    defsig_rtmem_formal.o(.text) refers to rt_raise.o(.text) for __rt_raise
    defsig_stak_inner.o(.text) refers to defsig_general.o(.text) for __default_signal_display
    defsig_pvfn_inner.o(.text) refers to defsig_general.o(.text) for __default_signal_display
    defsig_cppl_inner.o(.text) refers to defsig_general.o(.text) for __default_signal_display
    defsig_segv_inner.o(.text) refers to defsig_general.o(.text) for __default_signal_display
    defsig_other.o(.text) refers to defsig_general.o(.text) for __default_signal_display


==============================================================================

Removing Unused input sections from the image.

    Removing string.o(.text), (342 bytes).
    Removing uart.o(.text), (332 bytes).
    Removing uart.o(.text), (120 bytes).
    Removing uart.o(.bss), (117 bytes).
    Removing uart.o(.data), (1 bytes).
    Removing keyboard.o(.text), (148 bytes).
    Removing keyboard.o(.data), (2 bytes).
    Removing servo.o(.text), (340 bytes).
    Removing servo.o(.bss), (12 bytes).
    Removing servo.o(.data), (4 bytes).
    Removing timer.o(.text), (148 bytes).

11 unused section(s) (total 1566 bytes) removed from the image.

==============================================================================

Adding Veneers to the image

    Adding AT veneer (8 bytes, Inline) for call to '__rt_lib_init' from rtentry2.o(.ARM.Collect$$rtentry$$0000000A).
    Adding AT veneer (8 bytes, Inline) for call to '__rt_lib_shutdown' from rtexit2.o(.ARM.Collect$$rtexit$$00000003).
    Adding TA veneer (4 bytes, Inline) for call to '__rt_exit' from exit.o(.text).
    Adding TA veneer (4 bytes, Inline) for call to '__aeabi_memcpy' from queue.o(.text).
    Adding TA veneer (4 bytes, Inline) for call to '__aeabi_memclr' from heap_2.o(.text).
    Adding TA veneer (4 bytes, Inline) for call to '__aeabi_memclr4' from tasks.o(.text).
    Adding AT veneer (8 bytes, Inline) for call to '_sys_exit' from rtexit2.o(.ARM.Collect$$rtexit$$00000004).
    Adding TA veneer (4 bytes, Inline) for call to '__aeabi_uidivmod' from queue.o(.text).
    Adding TA veneer (4 bytes, Inline) for call to 'vPortStartFirstTask' from port.o(.text).
    Adding TA veneer (8 bytes, Short) for call to 'vPortYield' from tasks.o(.text).
    Adding TA veneer (4 bytes, Inline) for call to '__ARM_common_disable_irq' from tasks.o(.text).
    Adding TA veneer (4 bytes, Inline) for call to '__ARM_common_enable_irq' from port.o(.text).
    Adding TA veneer (4 bytes, Inline) for call to '__ARM_common_switch8' from tasks.o(.text).

13 Veneer(s) (total 68 bytes) added to the image.

==============================================================================

Image Symbol Table

    Local Symbols

    Symbol Name                              Value     Ov Type        Size  Object(Section)

    RESET                                    0x00000000   Section      260  startup.o(RESET)
    ../clib/angel/boardlib.s                 0x00000000   Number         0  boardinit2.o ABSOLUTE
    ../clib/angel/boardlib.s                 0x00000000   Number         0  boardinit1.o ABSOLUTE
    ../clib/angel/boardlib.s                 0x00000000   Number         0  boardshut.o ABSOLUTE
    ../clib/angel/boardlib.s                 0x00000000   Number         0  boardinit3.o ABSOLUTE
    ../clib/angel/handlers.s                 0x00000000   Number         0  __scatter_copy.o ABSOLUTE
    ../clib/angel/handlers.s                 0x00000000   Number         0  __scatter_zi.o ABSOLUTE
    ../clib/angel/kernel.s                   0x00000000   Number         0  rtentry2.o ABSOLUTE
    ../clib/angel/kernel.s                   0x00000000   Number         0  rtentry.o ABSOLUTE
    ../clib/angel/kernel.s                   0x00000000   Number         0  rtexit.o ABSOLUTE
    ../clib/angel/kernel.s                   0x00000000   Number         0  rtexit2.o ABSOLUTE
    ../clib/angel/kernel.s                   0x00000000   Number         0  rtentry4.o ABSOLUTE
    ../clib/angel/rt.s                       0x00000000   Number         0  rt_div0.o ABSOLUTE
    ../clib/angel/rt.s                       0x00000000   Number         0  aeabi_idiv0.o ABSOLUTE
    ../clib/angel/rt.s                       0x00000000   Number         0  rt_raise.o ABSOLUTE
    ../clib/angel/rt.s                       0x00000000   Number         0  aeabi_idiv0_sigfpe.o ABSOLUTE
    ../clib/angel/scatter.s                  0x00000000   Number         0  __scatter.o ABSOLUTE
    ../clib/angel/startup.s                  0x00000000   Number         0  __main.o ABSOLUTE
    ../clib/angel/sys.s                      0x00000000   Number         0  sys_stackheap_outer.o ABSOLUTE
    ../clib/angel/sys.s                      0x00000000   Number         0  libspace.o ABSOLUTE
    ../clib/angel/sys.s                      0x00000000   Number         0  use_no_semi.o ABSOLUTE
    ../clib/angel/sys.s                      0x00000000   Number         0  indicate_semi.o ABSOLUTE
    ../clib/angel/sysapp.c                   0x00000000   Number         0  sys_wrch.o ABSOLUTE
    ../clib/angel/sysapp.c                   0x00000000   Number         0  sys_command.o ABSOLUTE
    ../clib/angel/sysapp.c                   0x00000000   Number         0  sys_exit.o ABSOLUTE
    ../clib/armsys.c                         0x00000000   Number         0  argv_veneer.o ABSOLUTE
    ../clib/armsys.c                         0x00000000   Number         0  _get_argv_nomalloc.o ABSOLUTE
    ../clib/armsys.c                         0x00000000   Number         0  no_argv.o ABSOLUTE
    ../clib/armsys.c                         0x00000000   Number         0  argv_veneer.o ABSOLUTE
    ../clib/division.s                       0x00000000   Number         0  aeabi_sdiv.o ABSOLUTE
    ../clib/division.s                       0x00000000   Number         0  aeabi_sdiv_div0.o ABSOLUTE
    ../clib/divrt.s                          0x00000000   Number         0  divrt_7tdmi_div0.o ABSOLUTE
    ../clib/divrt.s                          0x00000000   Number         0  divrt_7tdmi.o ABSOLUTE
    ../clib/heapalloc.c                      0x00000000   Number         0  hrguard.o ABSOLUTE
    ../clib/heapaux.c                        0x00000000   Number         0  heapauxi.o ABSOLUTE
    ../clib/libinit.s                        0x00000000   Number         0  libinit2.o ABSOLUTE
    ../clib/libinit.s                        0x00000000   Number         0  libinit.o ABSOLUTE
    ../clib/libinit.s                        0x00000000   Number         0  libshutdown2.o ABSOLUTE
    ../clib/libinit.s                        0x00000000   Number         0  libshutdown.o ABSOLUTE
    ../clib/memcpset.s                       0x00000000   Number         0  rt_memcpy_w.o ABSOLUTE
    ../clib/memcpset.s                       0x00000000   Number         0  rt_memclr_w.o ABSOLUTE
    ../clib/memcpset.s                       0x00000000   Number         0  rt_memclr.o ABSOLUTE
    ../clib/memcpset.s                       0x00000000   Number         0  rt_memcpy.o ABSOLUTE
    ../clib/signal.c                         0x00000000   Number         0  defsig_fpe_inner.o ABSOLUTE
    ../clib/signal.c                         0x00000000   Number         0  defsig_other.o ABSOLUTE
    ../clib/signal.c                         0x00000000   Number         0  defsig_segv_inner.o ABSOLUTE
    ../clib/signal.c                         0x00000000   Number         0  defsig_cppl_inner.o ABSOLUTE
    ../clib/signal.c                         0x00000000   Number         0  defsig_pvfn_inner.o ABSOLUTE
    ../clib/signal.c                         0x00000000   Number         0  defsig_stak_inner.o ABSOLUTE
    ../clib/signal.c                         0x00000000   Number         0  defsig_rtmem_formal.o ABSOLUTE
    ../clib/signal.c                         0x00000000   Number         0  defsig_rtmem_outer.o ABSOLUTE
    ../clib/signal.c                         0x00000000   Number         0  defsig_rtmem_inner.o ABSOLUTE
    ../clib/signal.c                         0x00000000   Number         0  defsig_rtred_inner.o ABSOLUTE
    ../clib/signal.c                         0x00000000   Number         0  defsig_general.o ABSOLUTE
    ../clib/signal.c                         0x00000000   Number         0  __raise.o ABSOLUTE
    ../clib/signal.c                         0x00000000   Number         0  defsig_exit.o ABSOLUTE
    ../clib/signal.c                         0x00000000   Number         0  defsig_fpe_outer.o ABSOLUTE
    ../clib/signal.c                         0x00000000   Number         0  defsig_abrt_inner.o ABSOLUTE
    ../clib/signal.c                         0x00000000   Number         0  defsig_fpe_formal.o ABSOLUTE
    ../clib/signal.s                         0x00000000   Number         0  defsig.o ABSOLUTE
    ../clib/stdlib.c                         0x00000000   Number         0  exit.o ABSOLUTE
    ../fplib/fpinit.s                        0x00000000   Number         0  fpinit.o ABSOLUTE
    ..\..\Source\list.c                      0x00000000   Number         0  list.o ABSOLUTE
    ..\..\Source\portable\MemMang\heap_2.c   0x00000000   Number         0  heap_2.o ABSOLUTE
    ..\..\Source\portable\RVDS\ARM7_LPC21xx\port.c 0x00000000   Number         0  port.o ABSOLUTE
    ..\..\Source\portable\RVDS\ARM7_LPC21xx\portASM.s 0x00000000   Number         0  portasm.o ABSOLUTE
    ..\..\Source\queue.c                     0x00000000   Number         0  queue.o ABSOLUTE
    ..\..\Source\tasks.c                     0x00000000   Number         0  tasks.o ABSOLUTE
    Servo.c                                  0x00000000   Number         0  servo.o ABSOLUTE
    Startup.s                                0x00000000   Number         0  startup.o ABSOLUTE
    dc.s                                     0x00000000   Number         0  dc.o ABSOLUTE
    keyboard.c                               0x00000000   Number         0  keyboard.o ABSOLUTE
    led.c                                    0x00000000   Number         0  led.o ABSOLUTE
    main.c                                   0x00000000   Number         0  main.o ABSOLUTE
    string.c                                 0x00000000   Number         0  string.o ABSOLUTE
    timer.c                                  0x00000000   Number         0  timer.o ABSOLUTE
    timer_interrupts.c                       0x00000000   Number         0  timer_interrupts.o ABSOLUTE
    uart.c                                   0x00000000   Number         0  uart.o ABSOLUTE
    Undef_Handler                            0x00000040   ARM Code       4  startup.o(RESET)
    PAbt_Handler                             0x00000048   ARM Code       4  startup.o(RESET)
    DAbt_Handler                             0x0000004c   ARM Code       4  startup.o(RESET)
    IRQ_Handler                              0x00000050   ARM Code       4  startup.o(RESET)
    FIQ_Handler                              0x00000054   ARM Code       4  startup.o(RESET)
    !!!main                                  0x00000104   Section        8  __main.o(!!!main)
    !!!scatter                               0x0000010c   Section       60  __scatter.o(!!!scatter)
    !!handler_copy                           0x00000148   Section       40  __scatter_copy.o(!!handler_copy)
    !!handler_zi                             0x00000170   Section       44  __scatter_zi.o(!!handler_zi)
    .ARM.Collect$$libinit$$00000000          0x000001a4   Section        2  libinit.o(.ARM.Collect$$libinit$$00000000)
    .ARM.Collect$$libinit$$00000002          0x000001a6   Section        0  libinit2.o(.ARM.Collect$$libinit$$00000002)
    .ARM.Collect$$libinit$$00000008          0x000001a6   Section        0  libinit2.o(.ARM.Collect$$libinit$$00000008)
    .ARM.Collect$$libinit$$0000000A          0x000001a6   Section        0  libinit2.o(.ARM.Collect$$libinit$$0000000A)
    .ARM.Collect$$libinit$$0000000C          0x000001a6   Section        0  libinit2.o(.ARM.Collect$$libinit$$0000000C)
    .ARM.Collect$$libinit$$0000000F          0x000001a6   Section        0  libinit2.o(.ARM.Collect$$libinit$$0000000F)
    .ARM.Collect$$libinit$$00000011          0x000001a6   Section        0  libinit2.o(.ARM.Collect$$libinit$$00000011)
    .ARM.Collect$$libinit$$00000013          0x000001a6   Section        0  libinit2.o(.ARM.Collect$$libinit$$00000013)
    .ARM.Collect$$libinit$$00000015          0x000001a6   Section        0  libinit2.o(.ARM.Collect$$libinit$$00000015)
    .ARM.Collect$$libinit$$00000017          0x000001a6   Section        0  libinit2.o(.ARM.Collect$$libinit$$00000017)
    .ARM.Collect$$libinit$$00000019          0x000001a6   Section        0  libinit2.o(.ARM.Collect$$libinit$$00000019)
    .ARM.Collect$$libinit$$0000001B          0x000001a6   Section        0  libinit2.o(.ARM.Collect$$libinit$$0000001B)
    .ARM.Collect$$libinit$$0000001D          0x000001a6   Section        0  libinit2.o(.ARM.Collect$$libinit$$0000001D)
    .ARM.Collect$$libinit$$0000001F          0x000001a6   Section        0  libinit2.o(.ARM.Collect$$libinit$$0000001F)
    .ARM.Collect$$libinit$$00000021          0x000001a6   Section        0  libinit2.o(.ARM.Collect$$libinit$$00000021)
    .ARM.Collect$$libinit$$00000023          0x000001a6   Section        0  libinit2.o(.ARM.Collect$$libinit$$00000023)
    .ARM.Collect$$libinit$$0000002A          0x000001a6   Section        0  libinit2.o(.ARM.Collect$$libinit$$0000002A)
    .ARM.Collect$$libinit$$0000002C          0x000001a6   Section        0  libinit2.o(.ARM.Collect$$libinit$$0000002C)
    .ARM.Collect$$libinit$$0000002E          0x000001a6   Section        0  libinit2.o(.ARM.Collect$$libinit$$0000002E)
    .ARM.Collect$$libinit$$00000030          0x000001a6   Section        0  libinit2.o(.ARM.Collect$$libinit$$00000030)
    .ARM.Collect$$libinit$$00000031          0x000001a6   Section       12  libinit2.o(.ARM.Collect$$libinit$$00000031)
    .ARM.Collect$$libshutdown$$00000000      0x000001bc   Section        4  libshutdown.o(.ARM.Collect$$libshutdown$$00000000)
    .ARM.Collect$$libshutdown$$00000003      0x000001c0   Section        0  libshutdown2.o(.ARM.Collect$$libshutdown$$00000003)
    .ARM.Collect$$libshutdown$$00000006      0x000001c0   Section        0  libshutdown2.o(.ARM.Collect$$libshutdown$$00000006)
    .ARM.Collect$$libshutdown$$00000009      0x000001c0   Section        0  libshutdown2.o(.ARM.Collect$$libshutdown$$00000009)
    .ARM.Collect$$libshutdown$$0000000B      0x000001c0   Section        0  libshutdown2.o(.ARM.Collect$$libshutdown$$0000000B)
    .ARM.Collect$$libshutdown$$0000000E      0x000001c0   Section        0  libshutdown2.o(.ARM.Collect$$libshutdown$$0000000E)
    .ARM.Collect$$libshutdown$$0000000F      0x000001c0   Section        6  libshutdown2.o(.ARM.Collect$$libshutdown$$0000000F)
    .ARM.Collect$$rtentry$$00000000          0x000001c8   Section        0  rtentry.o(.ARM.Collect$$rtentry$$00000000)
    .ARM.Collect$$rtentry$$00000002          0x000001c8   Section        0  rtentry2.o(.ARM.Collect$$rtentry$$00000002)
    .ARM.Collect$$rtentry$$00000004          0x000001c8   Section        8  rtentry4.o(.ARM.Collect$$rtentry$$00000004)
    .ARM.Collect$$rtentry$$00000009          0x000001d0   Section        0  rtentry2.o(.ARM.Collect$$rtentry$$00000009)
    .ARM.Collect$$rtentry$$0000000A          0x000001d0   Section        4  rtentry2.o(.ARM.Collect$$rtentry$$0000000A)
    .ARM.Collect$$rtentry$$0000000C          0x000001d4   Section        0  rtentry2.o(.ARM.Collect$$rtentry$$0000000C)
    .ARM.Collect$$rtentry$$0000000D          0x000001d4   Section       40  rtentry2.o(.ARM.Collect$$rtentry$$0000000D)
    .ARM.Collect$$rtexit$$00000000           0x00000200   Section        4  rtexit.o(.ARM.Collect$$rtexit$$00000000)
    .ARM.Collect$$rtexit$$00000002           0x00000204   Section        0  rtexit2.o(.ARM.Collect$$rtexit$$00000002)
    .ARM.Collect$$rtexit$$00000003           0x00000204   Section        4  rtexit2.o(.ARM.Collect$$rtexit$$00000003)
    .ARM.Collect$$rtexit$$00000004           0x00000208   Section        8  rtexit2.o(.ARM.Collect$$rtexit$$00000004)
    .text                                    0x00000210   Section       32  startup.o(.text)
    .text                                    0x00000230   Section        0  main.o(.text)
    .text                                    0x0000029c   Section        0  led.o(.text)
    .text                                    0x00000438   Section        0  timer_interrupts.o(.text)
    .text                                    0x000004a8   Section        0  timer_interrupts.o(.text)
    .text                                    0x0000054c   Section        0  tasks.o(.text)
    prvInitialiseTaskLists                   0x0000054d   Thumb Code    72  tasks.o(.text)
    prvAddNewTaskToReadyList                 0x00000595   Thumb Code   188  tasks.o(.text)
    prvInitialiseNewTask                     0x00000651   Thumb Code   130  tasks.o(.text)
    prvDeleteTCB                             0x0000073b   Thumb Code    22  tasks.o(.text)
    prvResetNextTaskUnblockTime              0x00000751   Thumb Code    44  tasks.o(.text)
    prvAddCurrentTaskToDelayedList           0x00000ae5   Thumb Code   142  tasks.o(.text)
    prvTaskIsTaskSuspended                   0x00000e63   Thumb Code    66  tasks.o(.text)
    prvCheckTasksWaitingTermination          0x00000fc7   Thumb Code    64  tasks.o(.text)
    prvIdleTask                              0x00001007   Thumb Code    20  tasks.o(.text)
    .text                                    0x00001908   Section        0  list.o(.text)
    .text                                    0x0000199e   Section        0  queue.o(.text)
    prvInitialiseNewQueue                    0x00001a37   Thumb Code    38  queue.o(.text)
    prvUnlockQueue                           0x00001ab7   Thumb Code   150  queue.o(.text)
    prvIsQueueFull                           0x00001b4d   Thumb Code    34  queue.o(.text)
    prvCopyDataToQueue                       0x00001b6f   Thumb Code   112  queue.o(.text)
    prvIsQueueEmpty                          0x00001ddd   Thumb Code    32  queue.o(.text)
    prvCopyDataFromQueue                     0x00001dfd   Thumb Code    48  queue.o(.text)
    .text                                    0x000021fc   Section        0  port.o(.text)
    prvSetupTimerInterrupt                   0x0000227b   Thumb Code    60  port.o(.text)
    .text                                    0x00002354   Section        0  heap_2.o(.text)
    prvHeapInit                              0x00002355   Thumb Code    38  heap_2.o(.text)
    .text                                    0x0000250c   Section      212  rt_memcpy.o(.text)
    .text                                    0x000025e4   Section       64  rt_memclr.o(.text)
    .text                                    0x00002628   Section       84  rt_memclr_w.o(.text)
    .text                                    0x0000267c   Section      384  aeabi_sdiv.o(.text)
    __arm_div8                               0x000026a8   ARM Code       0  aeabi_sdiv.o(.text)
    __arm_div5                               0x000026cc   ARM Code       0  aeabi_sdiv.o(.text)
    __arm_div2                               0x000026f0   ARM Code       0  aeabi_sdiv.o(.text)
    __arm_div_large                          0x0000272c   ARM Code       0  aeabi_sdiv.o(.text)
    .text                                    0x000027fc   Section        0  heapauxi.o(.text)
    .text                                    0x00002804   Section      100  rt_memcpy_w.o(.text)
    .text                                    0x00002868   Section       96  sys_stackheap_outer.o(.text)
    .text                                    0x000028c8   Section        0  exit.o(.text)
    .text                                    0x000028d4   Section       12  libspace.o(.text)
    .text                                    0x000028e8   Section        0  sys_exit.o(.text)
    .text                                    0x000028f4   Section        4  use_no_semi.o(.text)
    .text                                    0x000028f8   Section        0  indicate_semi.o(.text)
    .text_udiv                               0x000028fc   Section       36  aeabi_sdiv.o(.text_udiv)
    PORT_ASM                                 0x00002924   Section      396  portasm.o(PORT_ASM)
    i.__ARM_common_disable_irq               0x00002abc   Section        0  tasks.o(i.__ARM_common_disable_irq)
    i.__ARM_common_enable_irq                0x00002ad4   Section        0  port.o(i.__ARM_common_enable_irq)
    i.__ARM_common_switch8                   0x00002ae8   Section        0  tasks.o(i.__ARM_common_switch8)
    .data                                    0x40000000   Section        4  main.o(.data)
    .data                                    0x40000004   Section        4  led.o(.data)
    uiCounter                                0x40000004   Data           4  led.o(.data)
    .data                                    0x40000008   Section        8  timer_interrupts.o(.data)
    .data                                    0x40000010   Section       64  tasks.o(.data)
    uxDeletedTasksWaitingCleanUp             0x40000014   Data           4  tasks.o(.data)
    uxCurrentNumberOfTasks                   0x40000018   Data           4  tasks.o(.data)
    xTickCount                               0x4000001c   Data           4  tasks.o(.data)
    uxTopReadyPriority                       0x40000020   Data           4  tasks.o(.data)
    xSchedulerRunning                        0x40000024   Data           4  tasks.o(.data)
    xPendedTicks                             0x40000028   Data           4  tasks.o(.data)
    xYieldPending                            0x4000002c   Data           4  tasks.o(.data)
    xNumOfOverflows                          0x40000030   Data           4  tasks.o(.data)
    uxTaskNumber                             0x40000034   Data           4  tasks.o(.data)
    xNextTaskUnblockTime                     0x40000038   Data           4  tasks.o(.data)
    xIdleTaskHandle                          0x4000003c   Data           4  tasks.o(.data)
    uxSchedulerSuspended                     0x40000044   Data           4  tasks.o(.data)
    pxDelayedTaskList                        0x40000048   Data           4  tasks.o(.data)
    pxOverflowDelayedTaskList                0x4000004c   Data           4  tasks.o(.data)
    .data                                    0x40000050   Section        4  port.o(.data)
    .data                                    0x40000054   Section       24  heap_2.o(.data)
    xFreeBytesRemaining                      0x40000054   Data           4  heap_2.o(.data)
    xHeapHasBeenInitialised                  0x40000058   Data           4  heap_2.o(.data)
    xStart                                   0x4000005c   Data           8  heap_2.o(.data)
    xEnd                                     0x40000064   Data           8  heap_2.o(.data)
    .bss                                     0x4000006c   Section      180  tasks.o(.bss)
    pxReadyTasksLists                        0x4000006c   Data          80  tasks.o(.bss)
    xDelayedTaskList1                        0x400000bc   Data          20  tasks.o(.bss)
    xDelayedTaskList2                        0x400000d0   Data          20  tasks.o(.bss)
    xPendingReadyList                        0x400000e4   Data          20  tasks.o(.bss)
    xTasksWaitingTermination                 0x400000f8   Data          20  tasks.o(.bss)
    xSuspendedTaskList                       0x4000010c   Data          20  tasks.o(.bss)
    .bss                                     0x40000120   Section     6144  heap_2.o(.bss)
    ucHeap                                   0x40000120   Data        6144  heap_2.o(.bss)
    .bss                                     0x40001920   Section       96  libspace.o(.bss)
    HEAP                                     0x40001980   Section        0  startup.o(HEAP)
    STACK                                    0x40001980   Section     1568  startup.o(STACK)
    Heap_Mem                                 0x40001980   Data           0  startup.o(HEAP)
    Stack_Mem                                0x40001980   Data        1568  startup.o(STACK)
    Stack_Top                                0x40001fa0   Data           0  startup.o(STACK)

    Global Symbols

    Symbol Name                              Value     Ov Type        Size  Object(Section)

    BuildAttributes$$THM_ISAv1$ARM_ISAv4$S$PE$A:L22$X:L11$S22$IEEE1$IW$USESV6$~STKCKD$USESV7$~SHL$OSPACE$ROPI$EBA8$UX$STANDARDLIB$REQ8$PRES8$EABIv2 0x00000000   Number         0  anon$$obj.o ABSOLUTE
    __ARM_use_no_argv                        0x00000000   Number         0  main.o ABSOLUTE
    __ARM_exceptions_init                     - Undefined Weak Reference
    __alloca_initialize                       - Undefined Weak Reference
    __cpp_initialize__aeabi_                  - Undefined Weak Reference
    __cxa_finalize                            - Undefined Weak Reference
    __rt_locale                               - Undefined Weak Reference
    __sigvec_lookup                           - Undefined Weak Reference
    _atexit_init                              - Undefined Weak Reference
    _call_atexit_fns                          - Undefined Weak Reference
    _clock_init                               - Undefined Weak Reference
    _fp_trap_init                             - Undefined Weak Reference
    _fp_trap_shutdown                         - Undefined Weak Reference
    _get_lc_collate                           - Undefined Weak Reference
    _get_lc_ctype                             - Undefined Weak Reference
    _get_lc_monetary                          - Undefined Weak Reference
    _get_lc_numeric                           - Undefined Weak Reference
    _get_lc_time                              - Undefined Weak Reference
    _getenv_init                              - Undefined Weak Reference
    _handle_redirection                       - Undefined Weak Reference
    _init_alloc                               - Undefined Weak Reference
    _init_user_alloc                          - Undefined Weak Reference
    _initio                                   - Undefined Weak Reference
    _rand_init                                - Undefined Weak Reference
    _signal_finish                            - Undefined Weak Reference
    _signal_init                              - Undefined Weak Reference
    _terminate_alloc                          - Undefined Weak Reference
    _terminate_user_alloc                     - Undefined Weak Reference
    _terminateio                              - Undefined Weak Reference
    Reset_Handler                            0x00000058   ARM Code       0  startup.o(RESET)
    __main                                   0x00000104   ARM Code       8  __main.o(!!!main)
    __scatterload                            0x0000010c   ARM Code       0  __scatter.o(!!!scatter)
    __scatterload_rt2                        0x0000010c   ARM Code      52  __scatter.o(!!!scatter)
    __scatterload_null                       0x00000120   ARM Code       0  __scatter.o(!!!scatter)
    __scatterload_copy                       0x00000148   ARM Code      40  __scatter_copy.o(!!handler_copy)
    __scatterload_zeroinit                   0x00000170   ARM Code      44  __scatter_zi.o(!!handler_zi)
    Inline ARM to Thumb Veneer to __rt_lib_init 0x0000019c   ARM Code       8  libinit.o(.ARM.Collect$$libinit$$00000000)
    __rt_lib_init                            0x000001a5   Thumb Code     0  libinit.o(.ARM.Collect$$libinit$$00000000)
    __rt_lib_init_alloca_1                   0x000001a7   Thumb Code     0  libinit2.o(.ARM.Collect$$libinit$$0000002C)
    __rt_lib_init_argv_1                     0x000001a7   Thumb Code     0  libinit2.o(.ARM.Collect$$libinit$$0000002A)
    __rt_lib_init_atexit_1                   0x000001a7   Thumb Code     0  libinit2.o(.ARM.Collect$$libinit$$00000019)
    __rt_lib_init_clock_1                    0x000001a7   Thumb Code     0  libinit2.o(.ARM.Collect$$libinit$$0000001F)
    __rt_lib_init_cpp_1                      0x000001a7   Thumb Code     0  libinit2.o(.ARM.Collect$$libinit$$00000030)
    __rt_lib_init_exceptions_1               0x000001a7   Thumb Code     0  libinit2.o(.ARM.Collect$$libinit$$0000002E)
    __rt_lib_init_fp_1                       0x000001a7   Thumb Code     0  libinit2.o(.ARM.Collect$$libinit$$00000002)
    __rt_lib_init_fp_trap_1                  0x000001a7   Thumb Code     0  libinit2.o(.ARM.Collect$$libinit$$0000001D)
    __rt_lib_init_getenv_1                   0x000001a7   Thumb Code     0  libinit2.o(.ARM.Collect$$libinit$$00000021)
    __rt_lib_init_heap_1                     0x000001a7   Thumb Code     0  libinit2.o(.ARM.Collect$$libinit$$00000008)
    __rt_lib_init_lc_collate_1               0x000001a7   Thumb Code     0  libinit2.o(.ARM.Collect$$libinit$$0000000F)
    __rt_lib_init_lc_ctype_1                 0x000001a7   Thumb Code     0  libinit2.o(.ARM.Collect$$libinit$$00000011)
    __rt_lib_init_lc_monetary_1              0x000001a7   Thumb Code     0  libinit2.o(.ARM.Collect$$libinit$$00000013)
    __rt_lib_init_lc_numeric_1               0x000001a7   Thumb Code     0  libinit2.o(.ARM.Collect$$libinit$$00000015)
    __rt_lib_init_lc_time_1                  0x000001a7   Thumb Code     0  libinit2.o(.ARM.Collect$$libinit$$00000017)
    __rt_lib_init_rand_1                     0x000001a7   Thumb Code     0  libinit2.o(.ARM.Collect$$libinit$$0000000C)
    __rt_lib_init_return                     0x000001a7   Thumb Code     0  libinit2.o(.ARM.Collect$$libinit$$00000031)
    __rt_lib_init_signal_1                   0x000001a7   Thumb Code     0  libinit2.o(.ARM.Collect$$libinit$$0000001B)
    __rt_lib_init_stdio_1                    0x000001a7   Thumb Code     0  libinit2.o(.ARM.Collect$$libinit$$00000023)
    __rt_lib_init_user_alloc_1               0x000001a7   Thumb Code     0  libinit2.o(.ARM.Collect$$libinit$$0000000A)
    Inline ARM to Thumb Veneer to __rt_lib_shutdown 0x000001b4   ARM Code       8  libshutdown.o(.ARM.Collect$$libshutdown$$00000000)
    __rt_lib_shutdown                        0x000001bd   Thumb Code     0  libshutdown.o(.ARM.Collect$$libshutdown$$00000000)
    __rt_lib_shutdown_fp_trap_1              0x000001c1   Thumb Code     0  libshutdown2.o(.ARM.Collect$$libshutdown$$00000006)
    __rt_lib_shutdown_heap_1                 0x000001c1   Thumb Code     0  libshutdown2.o(.ARM.Collect$$libshutdown$$0000000E)
    __rt_lib_shutdown_return                 0x000001c1   Thumb Code     0  libshutdown2.o(.ARM.Collect$$libshutdown$$0000000F)
    __rt_lib_shutdown_signal_1               0x000001c1   Thumb Code     0  libshutdown2.o(.ARM.Collect$$libshutdown$$00000009)
    __rt_lib_shutdown_stdio_1                0x000001c1   Thumb Code     0  libshutdown2.o(.ARM.Collect$$libshutdown$$00000003)
    __rt_lib_shutdown_user_alloc_1           0x000001c1   Thumb Code     0  libshutdown2.o(.ARM.Collect$$libshutdown$$0000000B)
    __rt_entry                               0x000001c8   ARM Code       0  rtentry.o(.ARM.Collect$$rtentry$$00000000)
    __rt_entry_presh_1                       0x000001c8   ARM Code       0  rtentry2.o(.ARM.Collect$$rtentry$$00000002)
    __rt_entry_sh                            0x000001c8   ARM Code       0  rtentry4.o(.ARM.Collect$$rtentry$$00000004)
    __rt_entry_li                            0x000001d0   ARM Code       0  rtentry2.o(.ARM.Collect$$rtentry$$0000000A)
    __rt_entry_postsh_1                      0x000001d0   ARM Code       0  rtentry2.o(.ARM.Collect$$rtentry$$00000009)
    __rt_entry_main                          0x000001d4   ARM Code       0  rtentry2.o(.ARM.Collect$$rtentry$$0000000D)
    __rt_entry_postli_1                      0x000001d4   ARM Code       0  rtentry2.o(.ARM.Collect$$rtentry$$0000000C)
    Inline Thumb to ARM Veneer to __rt_exit  0x000001fd   Thumb Code     4  rtexit.o(.ARM.Collect$$rtexit$$00000000)
    __rt_exit                                0x00000200   ARM Code       0  rtexit.o(.ARM.Collect$$rtexit$$00000000)
    __rt_exit_ls                             0x00000204   ARM Code       0  rtexit2.o(.ARM.Collect$$rtexit$$00000003)
    __rt_exit_prels_1                        0x00000204   ARM Code       0  rtexit2.o(.ARM.Collect$$rtexit$$00000002)
    __rt_exit_exit                           0x00000208   ARM Code       0  rtexit2.o(.ARM.Collect$$rtexit$$00000004)
    __user_initial_stackheap                 0x00000210   ARM Code       0  startup.o(.text)
    LedBlink                                 0x00000231   Thumb Code    42  main.o(.text)
    main                                     0x0000025b   Thumb Code    58  main.o(.text)
    LedInit                                  0x0000029d   Thumb Code    22  led.o(.text)
    LedOn                                    0x000002b3   Thumb Code    72  led.o(.text)
    LedStep                                  0x000002fb   Thumb Code    56  led.o(.text)
    LedStepRight                             0x00000333   Thumb Code    12  led.o(.text)
    LedStepLeft                              0x0000033f   Thumb Code    12  led.o(.text)
    LedOff                                   0x0000034b   Thumb Code    64  led.o(.text)
    Led_Toggle                               0x0000038b   Thumb Code   164  led.o(.text)
    Timer0IRQHandler                         0x00000438   ARM Code      48  timer_interrupts.o(.text)
    Timer1IRQHandler                         0x00000468   ARM Code      48  timer_interrupts.o(.text)
    Timer0Interrupts_Init                    0x000004a9   Thumb Code    62  timer_interrupts.o(.text)
    Timer1Interrupts_Init                    0x000004e9   Thumb Code    62  timer_interrupts.o(.text)
    xTaskCreate                              0x000006d3   Thumb Code   104  tasks.o(.text)
    vTaskDelete                              0x0000077d   Thumb Code   138  tasks.o(.text)
    xTaskIncrementTick                       0x00000807   Thumb Code   430  tasks.o(.text)
    xTaskResumeAll                           0x000009b5   Thumb Code   304  tasks.o(.text)
    vTaskSuspendAll                          0x00000b73   Thumb Code    12  tasks.o(.text)
    xTaskDelayUntil                          0x00000b7f   Thumb Code    98  tasks.o(.text)
    vTaskDelay                               0x00000be1   Thumb Code    42  tasks.o(.text)
    uxTaskPriorityGet                        0x00000c0b   Thumb Code    36  tasks.o(.text)
    uxTaskPriorityGetFromISR                 0x00000c2f   Thumb Code    26  tasks.o(.text)
    vTaskPrioritySet                         0x00000c49   Thumb Code   232  tasks.o(.text)
    vTaskSwitchContext                       0x00000d31   Thumb Code   152  tasks.o(.text)
    vTaskSuspend                             0x00000dc9   Thumb Code   154  tasks.o(.text)
    vTaskResume                              0x00000ea5   Thumb Code   140  tasks.o(.text)
    xTaskResumeFromISR                       0x00000f31   Thumb Code   150  tasks.o(.text)
    vTaskStartScheduler                      0x0000101b   Thumb Code    64  tasks.o(.text)
    vTaskEndScheduler                        0x0000105b   Thumb Code    22  tasks.o(.text)
    xTaskGetTickCount                        0x00001071   Thumb Code    22  tasks.o(.text)
    xTaskGetTickCountFromISR                 0x00001087   Thumb Code     8  tasks.o(.text)
    uxTaskGetNumberOfTasks                   0x0000108f   Thumb Code     6  tasks.o(.text)
    pcTaskGetName                            0x00001095   Thumb Code    22  tasks.o(.text)
    xTaskCatchUpTicks                        0x000010ab   Thumb Code    40  tasks.o(.text)
    vTaskPlaceOnEventList                    0x000010d3   Thumb Code    32  tasks.o(.text)
    vTaskPlaceOnUnorderedEventList           0x000010f3   Thumb Code    80  tasks.o(.text)
    xTaskRemoveFromEventList                 0x00001143   Thumb Code   310  tasks.o(.text)
    vTaskRemoveFromUnorderedEventList        0x00001279   Thumb Code   184  tasks.o(.text)
    vTaskSetTimeOutState                     0x00001331   Thumb Code    30  tasks.o(.text)
    vTaskInternalSetTimeOutState             0x0000134f   Thumb Code    14  tasks.o(.text)
    xTaskCheckForTimeOut                     0x0000135d   Thumb Code    92  tasks.o(.text)
    vTaskMissedYield                         0x000013b9   Thumb Code     8  tasks.o(.text)
    xTaskGetCurrentTaskHandle                0x000013c1   Thumb Code     6  tasks.o(.text)
    uxTaskResetEventItemValue                0x000013c7   Thumb Code    24  tasks.o(.text)
    ulTaskGenericNotifyTake                  0x000013df   Thumb Code   124  tasks.o(.text)
    xTaskGenericNotifyWait                   0x0000145b   Thumb Code   152  tasks.o(.text)
    xTaskGenericNotify                       0x000014f3   Thumb Code   324  tasks.o(.text)
    xTaskGenericNotifyFromISR                0x00001637   Thumb Code   336  tasks.o(.text)
    vTaskGenericNotifyGiveFromISR            0x00001787   Thumb Code   236  tasks.o(.text)
    xTaskGenericNotifyStateClear             0x00001873   Thumb Code    60  tasks.o(.text)
    ulTaskGenericNotifyValueClear            0x000018af   Thumb Code    66  tasks.o(.text)
    vListInitialise                          0x00001909   Thumb Code    26  list.o(.text)
    vListInitialiseItem                      0x00001923   Thumb Code     6  list.o(.text)
    vListInsertEnd                           0x00001929   Thumb Code    24  list.o(.text)
    vListInsert                              0x00001941   Thumb Code    54  list.o(.text)
    uxListRemove                             0x00001977   Thumb Code    40  list.o(.text)
    xQueueGenericReset                       0x0000199f   Thumb Code   152  queue.o(.text)
    xQueueGenericCreate                      0x00001a5d   Thumb Code    90  queue.o(.text)
    xQueueGenericSend                        0x00001bdf   Thumb Code   244  queue.o(.text)
    xQueueGenericSendFromISR                 0x00001cd3   Thumb Code   140  queue.o(.text)
    xQueueGiveFromISR                        0x00001d5f   Thumb Code   126  queue.o(.text)
    xQueueReceive                            0x00001e2d   Thumb Code   230  queue.o(.text)
    xQueueSemaphoreTake                      0x00001f13   Thumb Code   222  queue.o(.text)
    xQueuePeek                               0x00001ff1   Thumb Code   234  queue.o(.text)
    xQueueReceiveFromISR                     0x000020db   Thumb Code   128  queue.o(.text)
    xQueuePeekFromISR                        0x0000215b   Thumb Code    44  queue.o(.text)
    uxQueueMessagesWaiting                   0x00002187   Thumb Code    22  queue.o(.text)
    uxQueueSpacesAvailable                   0x0000219d   Thumb Code    28  queue.o(.text)
    uxQueueMessagesWaitingFromISR            0x000021b9   Thumb Code     8  queue.o(.text)
    vQueueDelete                             0x000021c1   Thumb Code    18  queue.o(.text)
    xQueueIsQueueEmptyFromISR                0x000021d3   Thumb Code    18  queue.o(.text)
    xQueueIsQueueFullFromISR                 0x000021e5   Thumb Code    24  queue.o(.text)
    pxPortInitialiseStack                    0x000021fd   Thumb Code   126  port.o(.text)
    xPortStartScheduler                      0x000022b7   Thumb Code    18  port.o(.text)
    vPortEndScheduler                        0x000022c9   Thumb Code     2  port.o(.text)
    vPortEnterCritical                       0x000022cb   Thumb Code    22  port.o(.text)
    vPortExitCritical                        0x000022e1   Thumb Code    38  port.o(.text)
    pvPortMalloc                             0x0000237b   Thumb Code   212  heap_2.o(.text)
    vPortFree                                0x0000244f   Thumb Code    82  heap_2.o(.text)
    xPortGetFreeHeapSize                     0x000024a1   Thumb Code     6  heap_2.o(.text)
    vPortInitialiseBlocks                    0x000024a7   Thumb Code     2  heap_2.o(.text)
    pvPortCalloc                             0x000024a9   Thumb Code    70  heap_2.o(.text)
    Inline Thumb to ARM Veneer to __aeabi_memcpy 0x00002509   Thumb Code     4  rt_memcpy.o(.text)
    __aeabi_memcpy                           0x0000250c   ARM Code       0  rt_memcpy.o(.text)
    __rt_memcpy                              0x0000250c   ARM Code     212  rt_memcpy.o(.text)
    _memcpy_lastbytes                        0x000025c0   ARM Code       0  rt_memcpy.o(.text)
    Inline Thumb to ARM Veneer to __aeabi_memclr 0x000025e1   Thumb Code     4  rt_memclr.o(.text)
    __aeabi_memclr                           0x000025e4   ARM Code       0  rt_memclr.o(.text)
    __rt_memclr                              0x000025e4   ARM Code      64  rt_memclr.o(.text)
    _memset                                  0x000025e8   ARM Code       0  rt_memclr.o(.text)
    Inline Thumb to ARM Veneer to __aeabi_memclr4 0x00002625   Thumb Code     4  rt_memclr_w.o(.text)
    __aeabi_memclr4                          0x00002628   ARM Code       0  rt_memclr_w.o(.text)
    __aeabi_memclr8                          0x00002628   ARM Code       0  rt_memclr_w.o(.text)
    __rt_memclr_w                            0x00002628   ARM Code      84  rt_memclr_w.o(.text)
    _memset_w                                0x0000262c   ARM Code       0  rt_memclr_w.o(.text)
    __aeabi_idiv                             0x0000267c   ARM Code       0  aeabi_sdiv.o(.text)
    __aeabi_idivmod                          0x0000267c   ARM Code     384  aeabi_sdiv.o(.text)
    __use_two_region_memory                  0x000027fd   Thumb Code     2  heapauxi.o(.text)
    __rt_heap_escrow$2region                 0x000027ff   Thumb Code     2  heapauxi.o(.text)
    __rt_heap_expand$2region                 0x00002801   Thumb Code     2  heapauxi.o(.text)
    __aeabi_memcpy4                          0x00002804   ARM Code       0  rt_memcpy_w.o(.text)
    __aeabi_memcpy8                          0x00002804   ARM Code       0  rt_memcpy_w.o(.text)
    __rt_memcpy_w                            0x00002804   ARM Code     100  rt_memcpy_w.o(.text)
    _memcpy_lastbytes_aligned                0x00002850   ARM Code       0  rt_memcpy_w.o(.text)
    __user_setup_stackheap                   0x00002868   ARM Code      96  sys_stackheap_outer.o(.text)
    exit                                     0x000028c9   Thumb Code    12  exit.o(.text)
    __user_libspace                          0x000028d4   ARM Code      12  libspace.o(.text)
    __user_perproc_libspace                  0x000028d4   ARM Code       0  libspace.o(.text)
    __user_perthread_libspace                0x000028d4   ARM Code       0  libspace.o(.text)
    Inline ARM to Thumb Veneer to _sys_exit  0x000028e0   ARM Code       8  sys_exit.o(.text)
    _sys_exit                                0x000028e9   Thumb Code     8  sys_exit.o(.text)
    __I$use$semihosting                      0x000028f4   ARM Code       0  use_no_semi.o(.text)
    __use_no_semihosting_swi                 0x000028f4   ARM Code       4  use_no_semi.o(.text)
    Inline Thumb to ARM Veneer to __aeabi_uidivmod 0x000028f9   Thumb Code     4  aeabi_sdiv.o(.text_udiv)
    __semihosting_library_function           0x000028f8   ARM Code       0  indicate_semi.o(.text)
    __aeabi_uidiv                            0x000028fc   ARM Code       0  aeabi_sdiv.o(.text_udiv)
    __aeabi_uidivmod                         0x000028fc   ARM Code      36  aeabi_sdiv.o(.text_udiv)
    Inline Thumb to ARM Veneer to vPortStartFirstTask 0x00002921   Thumb Code     4  portasm.o(PORT_ASM)
    vPortStartFirstTask                      0x00002924   ARM Code       0  portasm.o(PORT_ASM)
    vPortYield                               0x00002954   ARM Code       0  portasm.o(PORT_ASM)
    vPortYieldProcessor                      0x0000295c   ARM Code       0  portasm.o(PORT_ASM)
    vPreemptiveTick                          0x000029e8   ARM Code       0  portasm.o(PORT_ASM)
    Short Thumb to ARM Veneer to vPortYield  0x00002ab1   Thumb Code     8  anon$$obj.o(Veneer$$Code)
    Inline Thumb to ARM Veneer to __ARM_common_disable_irq 0x00002ab9   Thumb Code     4  tasks.o(i.__ARM_common_disable_irq)
    __ARM_common_disable_irq                 0x00002abc   ARM Code      20  tasks.o(i.__ARM_common_disable_irq)
    Inline Thumb to ARM Veneer to __ARM_common_enable_irq 0x00002ad1   Thumb Code     4  port.o(i.__ARM_common_enable_irq)
    __ARM_common_enable_irq                  0x00002ad4   ARM Code      16  port.o(i.__ARM_common_enable_irq)
    Inline Thumb to ARM Veneer to __ARM_common_switch8 0x00002ae5   Thumb Code     4  tasks.o(i.__ARM_common_switch8)
    __ARM_common_switch8                     0x00002ae8   ARM Code      32  tasks.o(i.__ARM_common_switch8)
    Region$$Table$$Base                      0x00002b08   Number         0  anon$$obj.o(Region$$Table)
    Region$$Table$$Limit                     0x00002b28   Number         0  anon$$obj.o(Region$$Table)
    xSemaphore                               0x40000000   Data           4  main.o(.data)
    ptrTimer0InterruptFunction               0x40000008   Data           4  timer_interrupts.o(.data)
    ptrTimer1InterruptFunction               0x4000000c   Data           4  timer_interrupts.o(.data)
    pxCurrentTCB                             0x40000010   Data           4  tasks.o(.data)
    uxTopUsedPriority                        0x40000040   Data           4  tasks.o(.data)
    ulCriticalNesting                        0x40000050   Data           4  port.o(.data)
    __libspace_start                         0x40001920   Data          96  libspace.o(.bss)
    __temporary_stack_top$libspace           0x40001980   Data           0  libspace.o(.bss)



==============================================================================

Memory Map of the image

  Image Entry point : 0x00000104

  Load Region LR_IROM1 (Base: 0x00000000, Size: 0x00002b94, Max: 0x00040000, ABSOLUTE)

    Execution Region ER_IROM1 (Base: 0x00000000, Size: 0x00002b28, Max: 0x00040000, ABSOLUTE)

    Base Addr    Size         Type   Attr      Idx    E Section Name        Object

    0x00000000   0x00000104   Code   RO            3    RESET               startup.o
    0x00000104   0x00000008   Code   RO          326  * !!!main             c_t.l(__main.o)
    0x0000010c   0x0000003c   Code   RO          494    !!!scatter          c_t.l(__scatter.o)
    0x00000148   0x00000028   Code   RO          496    !!handler_copy      c_t.l(__scatter_copy.o)
    0x00000170   0x0000002c   Code   RO          498    !!handler_zi        c_t.l(__scatter_zi.o)
    0x0000019c   0x00000008   Ven    RO          365    .ARM.Collect$$libinit$$00000000  c_t.l(libinit.o)
    0x000001a4   0x00000002   Code   RO          365    .ARM.Collect$$libinit$$00000000  c_t.l(libinit.o)
    0x000001a6   0x00000000   Code   RO          378    .ARM.Collect$$libinit$$00000002  c_t.l(libinit2.o)
    0x000001a6   0x00000000   Code   RO          381    .ARM.Collect$$libinit$$00000008  c_t.l(libinit2.o)
    0x000001a6   0x00000000   Code   RO          383    .ARM.Collect$$libinit$$0000000A  c_t.l(libinit2.o)
    0x000001a6   0x00000000   Code   RO          385    .ARM.Collect$$libinit$$0000000C  c_t.l(libinit2.o)
    0x000001a6   0x00000000   Code   RO          388    .ARM.Collect$$libinit$$0000000F  c_t.l(libinit2.o)
    0x000001a6   0x00000000   Code   RO          390    .ARM.Collect$$libinit$$00000011  c_t.l(libinit2.o)
    0x000001a6   0x00000000   Code   RO          392    .ARM.Collect$$libinit$$00000013  c_t.l(libinit2.o)
    0x000001a6   0x00000000   Code   RO          394    .ARM.Collect$$libinit$$00000015  c_t.l(libinit2.o)
    0x000001a6   0x00000000   Code   RO          396    .ARM.Collect$$libinit$$00000017  c_t.l(libinit2.o)
    0x000001a6   0x00000000   Code   RO          398    .ARM.Collect$$libinit$$00000019  c_t.l(libinit2.o)
    0x000001a6   0x00000000   Code   RO          400    .ARM.Collect$$libinit$$0000001B  c_t.l(libinit2.o)
    0x000001a6   0x00000000   Code   RO          402    .ARM.Collect$$libinit$$0000001D  c_t.l(libinit2.o)
    0x000001a6   0x00000000   Code   RO          404    .ARM.Collect$$libinit$$0000001F  c_t.l(libinit2.o)
    0x000001a6   0x00000000   Code   RO          406    .ARM.Collect$$libinit$$00000021  c_t.l(libinit2.o)
    0x000001a6   0x00000000   Code   RO          408    .ARM.Collect$$libinit$$00000023  c_t.l(libinit2.o)
    0x000001a6   0x00000000   Code   RO          412    .ARM.Collect$$libinit$$0000002A  c_t.l(libinit2.o)
    0x000001a6   0x00000000   Code   RO          414    .ARM.Collect$$libinit$$0000002C  c_t.l(libinit2.o)
    0x000001a6   0x00000000   Code   RO          416    .ARM.Collect$$libinit$$0000002E  c_t.l(libinit2.o)
    0x000001a6   0x00000000   Code   RO          418    .ARM.Collect$$libinit$$00000030  c_t.l(libinit2.o)
    0x000001a6   0x0000000c   Code   RO          419    .ARM.Collect$$libinit$$00000031  c_t.l(libinit2.o)
    0x000001b2   0x00000002   PAD
    0x000001b4   0x00000008   Ven    RO          452    .ARM.Collect$$libshutdown$$00000000  c_t.l(libshutdown.o)
    0x000001bc   0x00000004   Code   RO          452    .ARM.Collect$$libshutdown$$00000000  c_t.l(libshutdown.o)
    0x000001c0   0x00000000   Code   RO          479    .ARM.Collect$$libshutdown$$00000003  c_t.l(libshutdown2.o)
    0x000001c0   0x00000000   Code   RO          482    .ARM.Collect$$libshutdown$$00000006  c_t.l(libshutdown2.o)
    0x000001c0   0x00000000   Code   RO          485    .ARM.Collect$$libshutdown$$00000009  c_t.l(libshutdown2.o)
    0x000001c0   0x00000000   Code   RO          487    .ARM.Collect$$libshutdown$$0000000B  c_t.l(libshutdown2.o)
    0x000001c0   0x00000000   Code   RO          490    .ARM.Collect$$libshutdown$$0000000E  c_t.l(libshutdown2.o)
    0x000001c0   0x00000006   Code   RO          491    .ARM.Collect$$libshutdown$$0000000F  c_t.l(libshutdown2.o)
    0x000001c6   0x00000002   PAD
    0x000001c8   0x00000000   Code   RO          328    .ARM.Collect$$rtentry$$00000000  c_t.l(rtentry.o)
    0x000001c8   0x00000000   Code   RO          336    .ARM.Collect$$rtentry$$00000002  c_t.l(rtentry2.o)
    0x000001c8   0x00000008   Code   RO          348    .ARM.Collect$$rtentry$$00000004  c_t.l(rtentry4.o)
    0x000001d0   0x00000000   Code   RO          338    .ARM.Collect$$rtentry$$00000009  c_t.l(rtentry2.o)
    0x000001d0   0x00000004   Code   RO          339    .ARM.Collect$$rtentry$$0000000A  c_t.l(rtentry2.o)
    0x000001d4   0x00000000   Code   RO          341    .ARM.Collect$$rtentry$$0000000C  c_t.l(rtentry2.o)
    0x000001d4   0x00000028   Code   RO          342    .ARM.Collect$$rtentry$$0000000D  c_t.l(rtentry2.o)
    0x000001fc   0x00000004   Ven    RO          369    .ARM.Collect$$rtexit$$00000000  c_t.l(rtexit.o)
    0x00000200   0x00000004   Code   RO          369    .ARM.Collect$$rtexit$$00000000  c_t.l(rtexit.o)
    0x00000204   0x00000000   Code   RO          423    .ARM.Collect$$rtexit$$00000002  c_t.l(rtexit2.o)
    0x00000204   0x00000004   Code   RO          424    .ARM.Collect$$rtexit$$00000003  c_t.l(rtexit2.o)
    0x00000208   0x00000008   Code   RO          425    .ARM.Collect$$rtexit$$00000004  c_t.l(rtexit2.o)
    0x00000210   0x00000020   Code   RO            4    .text               startup.o
    0x00000230   0x0000006c   Code   RO           11    .text               main.o
    0x0000029c   0x0000019c   Code   RO           72    .text               led.o
    0x00000438   0x00000070   Code   RO          161    .text               timer_interrupts.o
    0x000004a8   0x000000a4   Code   RO          162    .text               timer_interrupts.o
    0x0000054c   0x000013bc   Code   RO          194    .text               tasks.o
    0x00001908   0x00000096   Code   RO          238    .text               list.o
    0x0000199e   0x0000085e   Code   RO          250    .text               queue.o
    0x000021fc   0x00000158   Code   RO          265    .text               port.o
    0x00002354   0x000001b4   Code   RO          282    .text               heap_2.o
    0x00002508   0x00000004   Ven    RO          302    .text               c_t.l(rt_memcpy.o)
    0x0000250c   0x000000d4   Code   RO          302    .text               c_t.l(rt_memcpy.o)
    0x000025e0   0x00000004   Ven    RO          304    .text               c_t.l(rt_memclr.o)
    0x000025e4   0x00000040   Code   RO          304    .text               c_t.l(rt_memclr.o)
    0x00002624   0x00000004   Ven    RO          306    .text               c_t.l(rt_memclr_w.o)
    0x00002628   0x00000054   Code   RO          306    .text               c_t.l(rt_memclr_w.o)
    0x0000267c   0x00000180   Code   RO          308    .text               c_t.l(aeabi_sdiv.o)
    0x000027fc   0x00000006   Code   RO          324    .text               c_t.l(heapauxi.o)
    0x00002802   0x00000002   PAD
    0x00002804   0x00000064   Code   RO          333    .text               c_t.l(rt_memcpy_w.o)
    0x00002868   0x00000060   Code   RO          352    .text               c_t.l(sys_stackheap_outer.o)
    0x000028c8   0x0000000c   Code   RO          354    .text               c_t.l(exit.o)
    0x000028d4   0x0000000c   Code   RO          366    .text               c_t.l(libspace.o)
    0x000028e0   0x00000008   Ven    RO          420    .text               c_t.l(sys_exit.o)
    0x000028e8   0x0000000c   Code   RO          420    .text               c_t.l(sys_exit.o)
    0x000028f4   0x00000004   Code   RO          441    .text               c_t.l(use_no_semi.o)
    0x000028f8   0x00000000   Code   RO          443    .text               c_t.l(indicate_semi.o)
    0x000028f8   0x00000004   Ven    RO          309    .text_udiv          c_t.l(aeabi_sdiv.o)
    0x000028fc   0x00000024   Code   RO          309    .text_udiv          c_t.l(aeabi_sdiv.o)
    0x00002920   0x00000004   Ven    RO          297    PORT_ASM            portasm.o
    0x00002924   0x0000018c   Code   RO          297    PORT_ASM            portasm.o
    0x00002ab0   0x00000008   Ven    RO          512    Veneer$$Code        anon$$obj.o
    0x00002ab8   0x00000004   Ven    RO          209    i.__ARM_common_disable_irq  tasks.o
    0x00002abc   0x00000014   Code   RO          209    i.__ARM_common_disable_irq  tasks.o
    0x00002ad0   0x00000004   Ven    RO          277    i.__ARM_common_enable_irq  port.o
    0x00002ad4   0x00000010   Code   RO          277    i.__ARM_common_enable_irq  port.o
    0x00002ae4   0x00000004   Ven    RO          207    i.__ARM_common_switch8  tasks.o
    0x00002ae8   0x00000020   Code   RO          207    i.__ARM_common_switch8  tasks.o
    0x00002b08   0x00000020   Data   RO          492    Region$$Table       anon$$obj.o


    Execution Region RW_IRAM1 (Base: 0x40000000, Size: 0x00001fa0, Max: 0x00004000, ABSOLUTE)

    Base Addr    Size         Type   Attr      Idx    E Section Name        Object

    0x40000000   0x00000004   Data   RW           12    .data               main.o
    0x40000004   0x00000004   Data   RW           73    .data               led.o
    0x40000008   0x00000008   Data   RW          163    .data               timer_interrupts.o
    0x40000010   0x00000040   Data   RW          196    .data               tasks.o
    0x40000050   0x00000004   Data   RW          266    .data               port.o
    0x40000054   0x00000018   Data   RW          284    .data               heap_2.o
    0x4000006c   0x000000b4   Zero   RW          195    .bss                tasks.o
    0x40000120   0x00001800   Zero   RW          283    .bss                heap_2.o
    0x40001920   0x00000060   Zero   RW          367    .bss                c_t.l(libspace.o)
    0x40001980   0x00000000   Zero   RW            2    HEAP                startup.o
    0x40001980   0x00000620   Zero   RW            1    STACK               startup.o


==============================================================================

Image component sizes


      Code (inc. data)   RO Data    RW Data    ZI Data      Debug   Object Name

       436         26          0         24       6144       4313   heap_2.o
       412         10          0          4          0       1923   led.o
       150          0          0          0          0       1886   list.o
       108          8          0          4          0      22093   main.o
       360         78          0          4          0       3039   port.o
       396         24          0          0          0        336   portasm.o
      2142          0          0          0          0      14550   queue.o
       292         60          0          0       1568        556   startup.o
      5104        270          0         64        180      29252   tasks.o
       276         54          0          8          0       2326   timer_interrupts.o

    ----------------------------------------------------------------------
      9700        530         32        108       7892      80274   Object Totals
        24          0         32          0          0          0   (incl. Generated)
         0          0          0          0          0          0   (incl. Padding)

    ----------------------------------------------------------------------

      Code (inc. data)   RO Data    RW Data    ZI Data      Debug   Library Member Name

         8          0          0          0          0         68   __main.o
        60          8          0          0          0          0   __scatter.o
        40          0          0          0          0          0   __scatter_copy.o
        44          0          0          0          0          0   __scatter_zi.o
       424          0          0          0          0        148   aeabi_sdiv.o
        12          0          0          0          0         64   exit.o
         6          0          0          0          0        136   heapauxi.o
         0          0          0          0          0          0   indicate_semi.o
        10          0          0          0          0          0   libinit.o
        12          0          0          0          0          0   libinit2.o
        12          0          0          0          0          0   libshutdown.o
         6          0          0          0          0          0   libshutdown2.o
        12          4          0          0         96         68   libspace.o
        68          0          0          0          0         68   rt_memclr.o
        88          0          0          0          0         80   rt_memclr_w.o
       216          0          0          0          0         68   rt_memcpy.o
       100          0          0          0          0         80   rt_memcpy_w.o
         0          0          0          0          0          0   rtentry.o
        44          4          0          0          0          0   rtentry2.o
         8          0          0          0          0          0   rtentry4.o
         8          0          0          0          0          0   rtexit.o
        12          0          0          0          0          0   rtexit2.o
        20          4          0          0          0         60   sys_exit.o
        96          0          0          0          0         80   sys_stackheap_outer.o
         4          0          0          0          0         68   use_no_semi.o

    ----------------------------------------------------------------------
      1316         20          0          0         96        988   Library Totals
         6          0          0          0          0          0   (incl. Padding)

    ----------------------------------------------------------------------

      Code (inc. data)   RO Data    RW Data    ZI Data      Debug   Library Name

      1310         20          0          0         96        988   c_t.l

    ----------------------------------------------------------------------
      1316         20          0          0         96        988   Library Totals

    ----------------------------------------------------------------------

==============================================================================


      Code (inc. data)   RO Data    RW Data    ZI Data      Debug   

     11016        550         32        108       7988      79986   Grand Totals
     11016        550         32        108       7988      79986   ELF Image Totals
     11016        550         32        108          0          0   ROM Totals

==============================================================================

    Total RO  Size (Code + RO Data)                11048 (  10.79kB)
    Total RW  Size (RW Data + ZI Data)              8096 (   7.91kB)
    Total ROM Size (Code + RO Data + RW Data)      11156 (  10.89kB)

==============================================================================

