ARM Linker, 5.03 [Build 76] [MDK-ARM Lite]

==============================================================================

Section Cross References

    startup.o(STACK) refers (Special) to heapauxi.o(.text) for __use_two_region_memory
    startup.o(HEAP) refers (Special) to heapauxi.o(.text) for __use_two_region_memory
    startup.o(RESET) refers (Special) to heapauxi.o(.text) for __use_two_region_memory
    startup.o(RESET) refers to portasm.o(PORT_ASM) for vPortYieldProcessor
    startup.o(RESET) refers to startup.o(STACK) for Stack_Top
    startup.o(RESET) refers to __main.o(!!!main) for __main
    startup.o(.text) refers (Special) to heapauxi.o(.text) for __use_two_region_memory
    startup.o(.text) refers to startup.o(HEAP) for Heap_Mem
    startup.o(.text) refers to startup.o(STACK) for Stack_Mem
    main.o(.text) refers to queue.o(.text) for xQueueReceive
    main.o(.text) refers to uart.o(.text) for Transmiter_SendString
    main.o(.text) refers to tasks.o(.text) for vTaskDelay
    main.o(.text) refers to keyboard.o(.text) for ReadKeyboardState
    main.o(.text) refers to led.o(.text) for Led_Toggle
    main.o(.text) refers to rt_memcpy_w.o(.text) for __aeabi_memcpy4
    main.o(.text) refers to string.o(.text) for AppendUIntToString
    main.o(.text) refers to main.o(.data) for xQueue
    main.o(.text) refers to main.o(.constdata) for .constdata
    led.o(.text) refers to led.o(.data) for uiCounter
    uart.o(.text) refers to string.o(.text) for CopyString
    uart.o(.text) refers to aeabi_sdiv.o(.text_udiv) for __aeabi_uidivmod
    uart.o(.text) refers to uart.o(.bss) for eRecieverBuffer
    uart.o(.text) refers to uart.o(.text) for UART0_Interrupt
    uart.o(.text) refers to uart.o(.text) for Reciever_PutCharacterToBuffer
    tasks.o(.text) refers to list.o(.text) for vListInitialise
    tasks.o(.text) refers to port.o(.text) for vPortEnterCritical
    tasks.o(.text) refers to portasm.o(PORT_ASM) for vPortYield
    tasks.o(.text) refers to heap_2.o(.text) for pvPortMalloc
    tasks.o(.text) refers to rt_memclr_w.o(.text) for __aeabi_memclr4
    tasks.o(.text) refers to tasks.o(.bss) for pxReadyTasksLists
    tasks.o(.text) refers to tasks.o(.data) for pxDelayedTaskList
    tasks.o(.text) refers to tasks.o(i.__ARM_common_disable_irq) for __ARM_common_disable_irq
    tasks.o(.text) refers to tasks.o(i.__ARM_common_switch8) for __ARM_common_switch8
    queue.o(.text) refers to aeabi_sdiv.o(.text_udiv) for __aeabi_uidivmod
    queue.o(.text) refers to port.o(.text) for vPortEnterCritical
    queue.o(.text) refers to tasks.o(.text) for xTaskRemoveFromEventList
    queue.o(.text) refers to portasm.o(PORT_ASM) for vPortYield
    queue.o(.text) refers to list.o(.text) for vListInitialise
    queue.o(.text) refers to heap_2.o(.text) for pvPortMalloc
    queue.o(.text) refers to rt_memcpy.o(.text) for __aeabi_memcpy
    port.o(.text) refers to portasm.o(PORT_ASM) for vPortStartFirstTask
    port.o(.text) refers to tasks.o(i.__ARM_common_disable_irq) for __ARM_common_disable_irq
    port.o(.text) refers to port.o(i.__ARM_common_enable_irq) for __ARM_common_enable_irq
    port.o(.text) refers to port.o(.data) for ulCriticalNesting
    heap_2.o(.text) refers to tasks.o(.text) for vTaskSuspendAll
    heap_2.o(.text) refers to aeabi_sdiv.o(.text_udiv) for __aeabi_uidivmod
    heap_2.o(.text) refers to rt_memclr.o(.text) for __aeabi_memclr
    heap_2.o(.text) refers to heap_2.o(.bss) for ucHeap
    heap_2.o(.text) refers to heap_2.o(.data) for xStart
    portasm.o(PORT_ASM) refers to tasks.o(.data) for pxCurrentTCB
    portasm.o(PORT_ASM) refers to port.o(.data) for ulCriticalNesting
    portasm.o(PORT_ASM) refers to tasks.o(.text) for vTaskSwitchContext
    rt_memcpy.o(.text) refers to rt_memcpy_w.o(.text) for __aeabi_memcpy4
    rt_memclr.o(.text) refers to rt_memclr_w.o(.text) for _memset_w
    aeabi_sdiv.o(.text_udiv) refers to aeabi_sdiv.o(.text) for __arm_div2
    aeabi_sdiv_div0.o(.text_udiv) refers to aeabi_sdiv_div0.o(.text) for __arm_div2
    __main.o(!!!main) refers to rtentry.o(.ARM.Collect$$rtentry$$00000000) for __rt_entry
    rtentry.o(.ARM.Collect$$rtentry$$00000000) refers (Special) to rtentry2.o(.ARM.Collect$$rtentry$$0000000A) for __rt_entry_li
    rtentry.o(.ARM.Collect$$rtentry$$00000000) refers (Special) to rtentry2.o(.ARM.Collect$$rtentry$$0000000D) for __rt_entry_main
    rtentry.o(.ARM.Collect$$rtentry$$00000000) refers (Special) to rtentry2.o(.ARM.Collect$$rtentry$$0000000C) for __rt_entry_postli_1
    rtentry.o(.ARM.Collect$$rtentry$$00000000) refers (Special) to rtentry2.o(.ARM.Collect$$rtentry$$00000009) for __rt_entry_postsh_1
    rtentry.o(.ARM.Collect$$rtentry$$00000000) refers (Special) to rtentry2.o(.ARM.Collect$$rtentry$$00000002) for __rt_entry_presh_1
    rtentry.o(.ARM.Collect$$rtentry$$00000000) refers (Special) to rtentry4.o(.ARM.Collect$$rtentry$$00000004) for __rt_entry_sh
    aeabi_idiv0_sigfpe.o(.text) refers to rt_div0.o(.text) for __rt_div0
    rtentry2.o(.ARM.Collect$$rtentry$$00000008) refers to boardinit2.o(.text) for _platform_post_stackheap_init
    rtentry2.o(.ARM.Collect$$rtentry$$0000000A) refers to libinit.o(.ARM.Collect$$libinit$$00000000) for __rt_lib_init
    rtentry2.o(.ARM.Collect$$rtentry$$0000000B) refers to boardinit3.o(.text) for _platform_post_lib_init
    rtentry2.o(.ARM.Collect$$rtentry$$0000000D) refers to exit.o(.text) for exit
    rtentry2.o(.ARM.Collect$$rtentry$$0000000D) refers to main.o(.text) for main
    rtentry2.o(.ARM.exidx) refers to rtentry2.o(.ARM.Collect$$rtentry$$00000001) for .ARM.Collect$$rtentry$$00000001
    rtentry2.o(.ARM.exidx) refers to rtentry2.o(.ARM.Collect$$rtentry$$00000008) for .ARM.Collect$$rtentry$$00000008
    rtentry2.o(.ARM.exidx) refers to rtentry2.o(.ARM.Collect$$rtentry$$0000000A) for .ARM.Collect$$rtentry$$0000000A
    rtentry2.o(.ARM.exidx) refers to rtentry2.o(.ARM.Collect$$rtentry$$0000000B) for .ARM.Collect$$rtentry$$0000000B
    rtentry2.o(.ARM.exidx) refers to rtentry2.o(.ARM.Collect$$rtentry$$0000000D) for .ARM.Collect$$rtentry$$0000000D
    rtentry4.o(.ARM.Collect$$rtentry$$00000004) refers to sys_stackheap_outer.o(.text) for __user_setup_stackheap
    rtentry4.o(.ARM.exidx) refers to rtentry4.o(.ARM.Collect$$rtentry$$00000004) for .ARM.Collect$$rtentry$$00000004
    rt_div0.o(.text) refers to defsig_fpe_outer.o(.text) for __rt_SIGFPE
    sys_stackheap_outer.o(.text) refers to libspace.o(.text) for __user_perproc_libspace
    sys_stackheap_outer.o(.text) refers to startup.o(.text) for __user_initial_stackheap
    exit.o(.text) refers to rtexit.o(.ARM.Collect$$rtexit$$00000000) for __rt_exit
    defsig_fpe_outer.o(.text) refers to defsig_fpe_inner.o(.text) for __rt_SIGFPE_inner
    defsig_fpe_outer.o(.text) refers to defsig_exit.o(.text) for __sig_exit
    defsig_fpe_formal.o(.text) refers to rt_raise.o(.text) for __rt_raise
    libinit.o(.ARM.Collect$$libinit$$00000000) refers (Special) to libinit2.o(.ARM.Collect$$libinit$$0000002C) for __rt_lib_init_alloca_1
    libinit.o(.ARM.Collect$$libinit$$00000000) refers (Special) to libinit2.o(.ARM.Collect$$libinit$$0000002A) for __rt_lib_init_argv_1
    libinit.o(.ARM.Collect$$libinit$$00000000) refers (Special) to libinit2.o(.ARM.Collect$$libinit$$00000019) for __rt_lib_init_atexit_1
    libinit.o(.ARM.Collect$$libinit$$00000000) refers (Special) to libinit2.o(.ARM.Collect$$libinit$$0000001F) for __rt_lib_init_clock_1
    libinit.o(.ARM.Collect$$libinit$$00000000) refers (Special) to libinit2.o(.ARM.Collect$$libinit$$00000030) for __rt_lib_init_cpp_1
    libinit.o(.ARM.Collect$$libinit$$00000000) refers (Special) to libinit2.o(.ARM.Collect$$libinit$$0000002E) for __rt_lib_init_exceptions_1
    libinit.o(.ARM.Collect$$libinit$$00000000) refers (Special) to libinit2.o(.ARM.Collect$$libinit$$00000002) for __rt_lib_init_fp_1
    libinit.o(.ARM.Collect$$libinit$$00000000) refers (Special) to libinit2.o(.ARM.Collect$$libinit$$0000001D) for __rt_lib_init_fp_trap_1
    libinit.o(.ARM.Collect$$libinit$$00000000) refers (Special) to libinit2.o(.ARM.Collect$$libinit$$00000021) for __rt_lib_init_getenv_1
    libinit.o(.ARM.Collect$$libinit$$00000000) refers (Special) to libinit2.o(.ARM.Collect$$libinit$$00000008) for __rt_lib_init_heap_1
    libinit.o(.ARM.Collect$$libinit$$00000000) refers (Special) to libinit2.o(.ARM.Collect$$libinit$$0000000F) for __rt_lib_init_lc_collate_1
    libinit.o(.ARM.Collect$$libinit$$00000000) refers (Special) to libinit2.o(.ARM.Collect$$libinit$$00000011) for __rt_lib_init_lc_ctype_1
    libinit.o(.ARM.Collect$$libinit$$00000000) refers (Special) to libinit2.o(.ARM.Collect$$libinit$$00000013) for __rt_lib_init_lc_monetary_1
    libinit.o(.ARM.Collect$$libinit$$00000000) refers (Special) to libinit2.o(.ARM.Collect$$libinit$$00000015) for __rt_lib_init_lc_numeric_1
    libinit.o(.ARM.Collect$$libinit$$00000000) refers (Special) to libinit2.o(.ARM.Collect$$libinit$$00000017) for __rt_lib_init_lc_time_1
    libinit.o(.ARM.Collect$$libinit$$00000000) refers (Special) to libinit2.o(.ARM.Collect$$libinit$$0000000C) for __rt_lib_init_rand_1
    libinit.o(.ARM.Collect$$libinit$$00000000) refers (Special) to libinit2.o(.ARM.Collect$$libinit$$00000031) for __rt_lib_init_return
    libinit.o(.ARM.Collect$$libinit$$00000000) refers (Special) to libinit2.o(.ARM.Collect$$libinit$$0000001B) for __rt_lib_init_signal_1
    libinit.o(.ARM.Collect$$libinit$$00000000) refers (Special) to libinit2.o(.ARM.Collect$$libinit$$00000023) for __rt_lib_init_stdio_1
    libinit.o(.ARM.Collect$$libinit$$00000000) refers (Special) to libinit2.o(.ARM.Collect$$libinit$$0000000A) for __rt_lib_init_user_alloc_1
    libspace.o(.text) refers to libspace.o(.bss) for __libspace_start
    rtexit.o(.ARM.Collect$$rtexit$$00000000) refers (Special) to rtexit2.o(.ARM.Collect$$rtexit$$00000004) for __rt_exit_exit
    rtexit.o(.ARM.Collect$$rtexit$$00000000) refers (Special) to rtexit2.o(.ARM.Collect$$rtexit$$00000003) for __rt_exit_ls
    rtexit.o(.ARM.Collect$$rtexit$$00000000) refers (Special) to rtexit2.o(.ARM.Collect$$rtexit$$00000002) for __rt_exit_prels_1
    rtexit.o(.ARM.exidx) refers (Special) to rtexit2.o(.ARM.Collect$$rtexit$$00000004) for __rt_exit_exit
    rtexit.o(.ARM.exidx) refers (Special) to rtexit2.o(.ARM.Collect$$rtexit$$00000003) for __rt_exit_ls
    rtexit.o(.ARM.exidx) refers (Special) to rtexit2.o(.ARM.Collect$$rtexit$$00000002) for __rt_exit_prels_1
    rtexit.o(.ARM.exidx) refers to rtexit.o(.ARM.Collect$$rtexit$$00000000) for .ARM.Collect$$rtexit$$00000000
    rt_raise.o(.text) refers to __raise.o(.text) for __raise
    rt_raise.o(.text) refers to sys_exit.o(.text) for _sys_exit
    defsig_exit.o(.text) refers to sys_exit.o(.text) for _sys_exit
    defsig_fpe_inner.o(.text) refers to defsig_general.o(.text) for __default_signal_display
    libinit2.o(.ARM.Collect$$libinit$$00000001) refers to fpinit.o(x$fpl$fpinit) for _fp_init
    libinit2.o(.ARM.Collect$$libinit$$0000000E) refers to libinit2.o(.ARM.Collect$$libinit$$0000000D) for .ARM.Collect$$libinit$$0000000D
    libinit2.o(.ARM.Collect$$libinit$$00000010) refers to libinit2.o(.ARM.Collect$$libinit$$0000000D) for .ARM.Collect$$libinit$$0000000D
    libinit2.o(.ARM.Collect$$libinit$$00000012) refers to libinit2.o(.ARM.Collect$$libinit$$0000000D) for .ARM.Collect$$libinit$$0000000D
    libinit2.o(.ARM.Collect$$libinit$$00000014) refers to libinit2.o(.ARM.Collect$$libinit$$0000000D) for .ARM.Collect$$libinit$$0000000D
    libinit2.o(.ARM.Collect$$libinit$$00000016) refers to libinit2.o(.ARM.Collect$$libinit$$0000000D) for .ARM.Collect$$libinit$$0000000D
    libinit2.o(.ARM.Collect$$libinit$$00000024) refers to argv_veneer.o(.emb_text) for __ARM_argv_veneer
    libinit2.o(.ARM.Collect$$libinit$$00000025) refers to argv_veneer.o(.emb_text) for __ARM_argv_veneer
    sys_exit.o(.text) refers (Special) to use_no_semi.o(.text) for __I$use$semihosting
    sys_exit.o(.text) refers (Special) to indicate_semi.o(.text) for __semihosting_library_function
    rtexit2.o(.ARM.Collect$$rtexit$$00000003) refers to libshutdown.o(.ARM.Collect$$libshutdown$$00000000) for __rt_lib_shutdown
    rtexit2.o(.ARM.Collect$$rtexit$$00000004) refers to sys_exit.o(.text) for _sys_exit
    rtexit2.o(.ARM.exidx) refers to rtexit2.o(.ARM.Collect$$rtexit$$00000001) for .ARM.Collect$$rtexit$$00000001
    rtexit2.o(.ARM.exidx) refers to rtexit2.o(.ARM.Collect$$rtexit$$00000003) for .ARM.Collect$$rtexit$$00000003
    rtexit2.o(.ARM.exidx) refers to rtexit2.o(.ARM.Collect$$rtexit$$00000004) for .ARM.Collect$$rtexit$$00000004
    __raise.o(.text) refers to __raise.o(i.__ARM_common_call_via_r2) for __ARM_common_call_via_r2
    __raise.o(.text) refers to defsig.o(CL$$defsig) for __default_signal_handler
    defsig_general.o(.text) refers to sys_wrch.o(.text) for _ttywrch
    argv_veneer.o(.emb_text) refers to no_argv.o(.text) for __ARM_get_argv
    sys_wrch.o(.text) refers (Special) to use_no_semi.o(.text) for __I$use$semihosting
    sys_wrch.o(.text) refers (Special) to indicate_semi.o(.text) for __semihosting_library_function
    defsig.o(CL$$defsig) refers to defsig_fpe_inner.o(.text) for __rt_SIGFPE_inner
    defsig.o(CL$$defsig) refers to defsig_rtmem_inner.o(.text) for __rt_SIGRTMEM_inner
    _get_argv_nomalloc.o(.text) refers (Special) to hrguard.o(.text) for __heap_region$guard
    _get_argv_nomalloc.o(.text) refers to defsig_rtmem_outer.o(.text) for __rt_SIGRTMEM
    _get_argv_nomalloc.o(.text) refers to sys_command.o(.text) for _sys_command_string
    libshutdown.o(.ARM.Collect$$libshutdown$$00000000) refers (Special) to libshutdown2.o(.ARM.Collect$$libshutdown$$00000006) for __rt_lib_shutdown_fp_trap_1
    libshutdown.o(.ARM.Collect$$libshutdown$$00000000) refers (Special) to libshutdown2.o(.ARM.Collect$$libshutdown$$0000000E) for __rt_lib_shutdown_heap_1
    libshutdown.o(.ARM.Collect$$libshutdown$$00000000) refers (Special) to libshutdown2.o(.ARM.Collect$$libshutdown$$0000000F) for __rt_lib_shutdown_return
    libshutdown.o(.ARM.Collect$$libshutdown$$00000000) refers (Special) to libshutdown2.o(.ARM.Collect$$libshutdown$$00000009) for __rt_lib_shutdown_signal_1
    libshutdown.o(.ARM.Collect$$libshutdown$$00000000) refers (Special) to libshutdown2.o(.ARM.Collect$$libshutdown$$00000003) for __rt_lib_shutdown_stdio_1
    libshutdown.o(.ARM.Collect$$libshutdown$$00000000) refers (Special) to libshutdown2.o(.ARM.Collect$$libshutdown$$0000000B) for __rt_lib_shutdown_user_alloc_1
    sys_command.o(.text) refers (Special) to use_no_semi.o(.text) for __I$use$semihosting
    sys_command.o(.text) refers (Special) to indicate_semi.o(.text) for __semihosting_library_function
    defsig_abrt_inner.o(.text) refers to defsig_general.o(.text) for __default_signal_display
    defsig_rtred_inner.o(.text) refers to defsig_general.o(.text) for __default_signal_display
    defsig_rtmem_inner.o(.text) refers to defsig_general.o(.text) for __default_signal_display
    defsig_rtmem_outer.o(.text) refers to defsig_rtmem_inner.o(.text) for __rt_SIGRTMEM_inner
    defsig_rtmem_outer.o(.text) refers to defsig_exit.o(.text) for __sig_exit
    defsig_rtmem_formal.o(.text) refers to rt_raise.o(.text) for __rt_raise
    defsig_stak_inner.o(.text) refers to defsig_general.o(.text) for __default_signal_display
    defsig_pvfn_inner.o(.text) refers to defsig_general.o(.text) for __default_signal_display
    defsig_cppl_inner.o(.text) refers to defsig_general.o(.text) for __default_signal_display
    defsig_segv_inner.o(.text) refers to defsig_general.o(.text) for __default_signal_display
    defsig_other.o(.text) refers to defsig_general.o(.text) for __default_signal_display


==============================================================================

Removing Unused input sections from the image.

    Removing uart.o(.data), (1 bytes).

1 unused section(s) (total 1 bytes) removed from the image.

==============================================================================

Adding Veneers to the image

    Adding AT veneer (8 bytes, Inline) for call to '__rt_lib_init' from rtentry2.o(.ARM.Collect$$rtentry$$0000000A).
    Adding AT veneer (8 bytes, Inline) for call to '__rt_lib_shutdown' from rtexit2.o(.ARM.Collect$$rtexit$$00000003).
    Adding TA veneer (4 bytes, Inline) for call to '__rt_exit' from exit.o(.text).
    Adding AT veneer (8 bytes, Inline) for call to 'Reciever_PutCharacterToBuffer' from uart.o(.text).
    Adding TA veneer (4 bytes, Inline) for call to '__aeabi_memcpy' from queue.o(.text).
    Adding TA veneer (4 bytes, Inline) for call to '__aeabi_memcpy4' from main.o(.text).
    Adding TA veneer (4 bytes, Inline) for call to '__aeabi_memclr' from heap_2.o(.text).
    Adding TA veneer (4 bytes, Inline) for call to '__aeabi_memclr4' from tasks.o(.text).
    Adding AT veneer (8 bytes, Inline) for call to '_sys_exit' from rtexit2.o(.ARM.Collect$$rtexit$$00000004).
    Adding TA veneer (4 bytes, Inline) for call to '__aeabi_uidivmod' from uart.o(.text).
    Adding TA veneer (4 bytes, Inline) for call to 'vPortStartFirstTask' from port.o(.text).
    Adding AT veneer (12 bytes, Long) for call to 'Transmiter_GetCharacterFromBuffer' from uart.o(.text).
    Adding TA veneer (8 bytes, Short) for call to 'vPortYield' from tasks.o(.text).
    Adding TA veneer (4 bytes, Inline) for call to '__ARM_common_disable_irq' from tasks.o(.text).
    Adding TA veneer (4 bytes, Inline) for call to '__ARM_common_enable_irq' from port.o(.text).
    Adding TA veneer (4 bytes, Inline) for call to '__ARM_common_switch8' from tasks.o(.text).

16 Veneer(s) (total 92 bytes) added to the image.

==============================================================================

Image Symbol Table

    Local Symbols

    Symbol Name                              Value     Ov Type        Size  Object(Section)

    RESET                                    0x00000000   Section      260  startup.o(RESET)
    ../clib/angel/boardlib.s                 0x00000000   Number         0  boardinit3.o ABSOLUTE
    ../clib/angel/boardlib.s                 0x00000000   Number         0  boardinit2.o ABSOLUTE
    ../clib/angel/boardlib.s                 0x00000000   Number         0  boardshut.o ABSOLUTE
    ../clib/angel/boardlib.s                 0x00000000   Number         0  boardinit1.o ABSOLUTE
    ../clib/angel/handlers.s                 0x00000000   Number         0  __scatter_copy.o ABSOLUTE
    ../clib/angel/handlers.s                 0x00000000   Number         0  __scatter_zi.o ABSOLUTE
    ../clib/angel/kernel.s                   0x00000000   Number         0  rtexit2.o ABSOLUTE
    ../clib/angel/kernel.s                   0x00000000   Number         0  rtentry2.o ABSOLUTE
    ../clib/angel/kernel.s                   0x00000000   Number         0  rtentry4.o ABSOLUTE
    ../clib/angel/kernel.s                   0x00000000   Number         0  rtentry.o ABSOLUTE
    ../clib/angel/kernel.s                   0x00000000   Number         0  rtexit.o ABSOLUTE
    ../clib/angel/rt.s                       0x00000000   Number         0  rt_raise.o ABSOLUTE
    ../clib/angel/rt.s                       0x00000000   Number         0  aeabi_idiv0_sigfpe.o ABSOLUTE
    ../clib/angel/rt.s                       0x00000000   Number         0  rt_div0.o ABSOLUTE
    ../clib/angel/rt.s                       0x00000000   Number         0  aeabi_idiv0.o ABSOLUTE
    ../clib/angel/scatter.s                  0x00000000   Number         0  __scatter.o ABSOLUTE
    ../clib/angel/startup.s                  0x00000000   Number         0  __main.o ABSOLUTE
    ../clib/angel/sys.s                      0x00000000   Number         0  sys_stackheap_outer.o ABSOLUTE
    ../clib/angel/sys.s                      0x00000000   Number         0  use_no_semi.o ABSOLUTE
    ../clib/angel/sys.s                      0x00000000   Number         0  indicate_semi.o ABSOLUTE
    ../clib/angel/sys.s                      0x00000000   Number         0  libspace.o ABSOLUTE
    ../clib/angel/sysapp.c                   0x00000000   Number         0  sys_exit.o ABSOLUTE
    ../clib/angel/sysapp.c                   0x00000000   Number         0  sys_wrch.o ABSOLUTE
    ../clib/angel/sysapp.c                   0x00000000   Number         0  sys_command.o ABSOLUTE
    ../clib/armsys.c                         0x00000000   Number         0  _get_argv_nomalloc.o ABSOLUTE
    ../clib/armsys.c                         0x00000000   Number         0  no_argv.o ABSOLUTE
    ../clib/armsys.c                         0x00000000   Number         0  argv_veneer.o ABSOLUTE
    ../clib/armsys.c                         0x00000000   Number         0  argv_veneer.o ABSOLUTE
    ../clib/division.s                       0x00000000   Number         0  aeabi_sdiv_div0.o ABSOLUTE
    ../clib/division.s                       0x00000000   Number         0  aeabi_sdiv.o ABSOLUTE
    ../clib/divrt.s                          0x00000000   Number         0  divrt_7tdmi.o ABSOLUTE
    ../clib/divrt.s                          0x00000000   Number         0  divrt_7tdmi_div0.o ABSOLUTE
    ../clib/heapalloc.c                      0x00000000   Number         0  hrguard.o ABSOLUTE
    ../clib/heapaux.c                        0x00000000   Number         0  heapauxi.o ABSOLUTE
    ../clib/libinit.s                        0x00000000   Number         0  libshutdown2.o ABSOLUTE
    ../clib/libinit.s                        0x00000000   Number         0  libshutdown.o ABSOLUTE
    ../clib/libinit.s                        0x00000000   Number         0  libinit2.o ABSOLUTE
    ../clib/libinit.s                        0x00000000   Number         0  libinit.o ABSOLUTE
    ../clib/memcpset.s                       0x00000000   Number         0  rt_memcpy_w.o ABSOLUTE
    ../clib/memcpset.s                       0x00000000   Number         0  rt_memclr_w.o ABSOLUTE
    ../clib/memcpset.s                       0x00000000   Number         0  rt_memclr.o ABSOLUTE
    ../clib/memcpset.s                       0x00000000   Number         0  rt_memcpy.o ABSOLUTE
    ../clib/signal.c                         0x00000000   Number         0  defsig_segv_inner.o ABSOLUTE
    ../clib/signal.c                         0x00000000   Number         0  defsig_cppl_inner.o ABSOLUTE
    ../clib/signal.c                         0x00000000   Number         0  defsig_pvfn_inner.o ABSOLUTE
    ../clib/signal.c                         0x00000000   Number         0  defsig_stak_inner.o ABSOLUTE
    ../clib/signal.c                         0x00000000   Number         0  defsig_rtmem_formal.o ABSOLUTE
    ../clib/signal.c                         0x00000000   Number         0  defsig_rtmem_outer.o ABSOLUTE
    ../clib/signal.c                         0x00000000   Number         0  defsig_rtred_inner.o ABSOLUTE
    ../clib/signal.c                         0x00000000   Number         0  defsig_abrt_inner.o ABSOLUTE
    ../clib/signal.c                         0x00000000   Number         0  defsig_general.o ABSOLUTE
    ../clib/signal.c                         0x00000000   Number         0  __raise.o ABSOLUTE
    ../clib/signal.c                         0x00000000   Number         0  defsig_fpe_inner.o ABSOLUTE
    ../clib/signal.c                         0x00000000   Number         0  defsig_exit.o ABSOLUTE
    ../clib/signal.c                         0x00000000   Number         0  defsig_fpe_formal.o ABSOLUTE
    ../clib/signal.c                         0x00000000   Number         0  defsig_fpe_outer.o ABSOLUTE
    ../clib/signal.c                         0x00000000   Number         0  defsig_rtmem_inner.o ABSOLUTE
    ../clib/signal.c                         0x00000000   Number         0  defsig_other.o ABSOLUTE
    ../clib/signal.s                         0x00000000   Number         0  defsig.o ABSOLUTE
    ../clib/stdlib.c                         0x00000000   Number         0  exit.o ABSOLUTE
    ../fplib/fpinit.s                        0x00000000   Number         0  fpinit.o ABSOLUTE
    ..\..\Source\list.c                      0x00000000   Number         0  list.o ABSOLUTE
    ..\..\Source\portable\MemMang\heap_2.c   0x00000000   Number         0  heap_2.o ABSOLUTE
    ..\..\Source\portable\RVDS\ARM7_LPC21xx\port.c 0x00000000   Number         0  port.o ABSOLUTE
    ..\..\Source\portable\RVDS\ARM7_LPC21xx\portASM.s 0x00000000   Number         0  portasm.o ABSOLUTE
    ..\..\Source\queue.c                     0x00000000   Number         0  queue.o ABSOLUTE
    ..\..\Source\tasks.c                     0x00000000   Number         0  tasks.o ABSOLUTE
    Startup.s                                0x00000000   Number         0  startup.o ABSOLUTE
    dc.s                                     0x00000000   Number         0  dc.o ABSOLUTE
    keyboard.c                               0x00000000   Number         0  keyboard.o ABSOLUTE
    led.c                                    0x00000000   Number         0  led.o ABSOLUTE
    main.c                                   0x00000000   Number         0  main.o ABSOLUTE
    string.c                                 0x00000000   Number         0  string.o ABSOLUTE
    uart.c                                   0x00000000   Number         0  uart.o ABSOLUTE
    Undef_Handler                            0x00000040   ARM Code       4  startup.o(RESET)
    PAbt_Handler                             0x00000048   ARM Code       4  startup.o(RESET)
    DAbt_Handler                             0x0000004c   ARM Code       4  startup.o(RESET)
    IRQ_Handler                              0x00000050   ARM Code       4  startup.o(RESET)
    FIQ_Handler                              0x00000054   ARM Code       4  startup.o(RESET)
    !!!main                                  0x00000104   Section        8  __main.o(!!!main)
    !!!scatter                               0x0000010c   Section       60  __scatter.o(!!!scatter)
    !!handler_copy                           0x00000148   Section       40  __scatter_copy.o(!!handler_copy)
    !!handler_zi                             0x00000170   Section       44  __scatter_zi.o(!!handler_zi)
    .ARM.Collect$$libinit$$00000000          0x000001a4   Section        2  libinit.o(.ARM.Collect$$libinit$$00000000)
    .ARM.Collect$$libinit$$00000002          0x000001a6   Section        0  libinit2.o(.ARM.Collect$$libinit$$00000002)
    .ARM.Collect$$libinit$$00000008          0x000001a6   Section        0  libinit2.o(.ARM.Collect$$libinit$$00000008)
    .ARM.Collect$$libinit$$0000000A          0x000001a6   Section        0  libinit2.o(.ARM.Collect$$libinit$$0000000A)
    .ARM.Collect$$libinit$$0000000C          0x000001a6   Section        0  libinit2.o(.ARM.Collect$$libinit$$0000000C)
    .ARM.Collect$$libinit$$0000000F          0x000001a6   Section        0  libinit2.o(.ARM.Collect$$libinit$$0000000F)
    .ARM.Collect$$libinit$$00000011          0x000001a6   Section        0  libinit2.o(.ARM.Collect$$libinit$$00000011)
    .ARM.Collect$$libinit$$00000013          0x000001a6   Section        0  libinit2.o(.ARM.Collect$$libinit$$00000013)
    .ARM.Collect$$libinit$$00000015          0x000001a6   Section        0  libinit2.o(.ARM.Collect$$libinit$$00000015)
    .ARM.Collect$$libinit$$00000017          0x000001a6   Section        0  libinit2.o(.ARM.Collect$$libinit$$00000017)
    .ARM.Collect$$libinit$$00000019          0x000001a6   Section        0  libinit2.o(.ARM.Collect$$libinit$$00000019)
    .ARM.Collect$$libinit$$0000001B          0x000001a6   Section        0  libinit2.o(.ARM.Collect$$libinit$$0000001B)
    .ARM.Collect$$libinit$$0000001D          0x000001a6   Section        0  libinit2.o(.ARM.Collect$$libinit$$0000001D)
    .ARM.Collect$$libinit$$0000001F          0x000001a6   Section        0  libinit2.o(.ARM.Collect$$libinit$$0000001F)
    .ARM.Collect$$libinit$$00000021          0x000001a6   Section        0  libinit2.o(.ARM.Collect$$libinit$$00000021)
    .ARM.Collect$$libinit$$00000023          0x000001a6   Section        0  libinit2.o(.ARM.Collect$$libinit$$00000023)
    .ARM.Collect$$libinit$$0000002A          0x000001a6   Section        0  libinit2.o(.ARM.Collect$$libinit$$0000002A)
    .ARM.Collect$$libinit$$0000002C          0x000001a6   Section        0  libinit2.o(.ARM.Collect$$libinit$$0000002C)
    .ARM.Collect$$libinit$$0000002E          0x000001a6   Section        0  libinit2.o(.ARM.Collect$$libinit$$0000002E)
    .ARM.Collect$$libinit$$00000030          0x000001a6   Section        0  libinit2.o(.ARM.Collect$$libinit$$00000030)
    .ARM.Collect$$libinit$$00000031          0x000001a6   Section       12  libinit2.o(.ARM.Collect$$libinit$$00000031)
    .ARM.Collect$$libshutdown$$00000000      0x000001bc   Section        4  libshutdown.o(.ARM.Collect$$libshutdown$$00000000)
    .ARM.Collect$$libshutdown$$00000003      0x000001c0   Section        0  libshutdown2.o(.ARM.Collect$$libshutdown$$00000003)
    .ARM.Collect$$libshutdown$$00000006      0x000001c0   Section        0  libshutdown2.o(.ARM.Collect$$libshutdown$$00000006)
    .ARM.Collect$$libshutdown$$00000009      0x000001c0   Section        0  libshutdown2.o(.ARM.Collect$$libshutdown$$00000009)
    .ARM.Collect$$libshutdown$$0000000B      0x000001c0   Section        0  libshutdown2.o(.ARM.Collect$$libshutdown$$0000000B)
    .ARM.Collect$$libshutdown$$0000000E      0x000001c0   Section        0  libshutdown2.o(.ARM.Collect$$libshutdown$$0000000E)
    .ARM.Collect$$libshutdown$$0000000F      0x000001c0   Section        6  libshutdown2.o(.ARM.Collect$$libshutdown$$0000000F)
    .ARM.Collect$$rtentry$$00000000          0x000001c8   Section        0  rtentry.o(.ARM.Collect$$rtentry$$00000000)
    .ARM.Collect$$rtentry$$00000002          0x000001c8   Section        0  rtentry2.o(.ARM.Collect$$rtentry$$00000002)
    .ARM.Collect$$rtentry$$00000004          0x000001c8   Section        8  rtentry4.o(.ARM.Collect$$rtentry$$00000004)
    .ARM.Collect$$rtentry$$00000009          0x000001d0   Section        0  rtentry2.o(.ARM.Collect$$rtentry$$00000009)
    .ARM.Collect$$rtentry$$0000000A          0x000001d0   Section        4  rtentry2.o(.ARM.Collect$$rtentry$$0000000A)
    .ARM.Collect$$rtentry$$0000000C          0x000001d4   Section        0  rtentry2.o(.ARM.Collect$$rtentry$$0000000C)
    .ARM.Collect$$rtentry$$0000000D          0x000001d4   Section       40  rtentry2.o(.ARM.Collect$$rtentry$$0000000D)
    .ARM.Collect$$rtexit$$00000000           0x00000200   Section        4  rtexit.o(.ARM.Collect$$rtexit$$00000000)
    .ARM.Collect$$rtexit$$00000002           0x00000204   Section        0  rtexit2.o(.ARM.Collect$$rtexit$$00000002)
    .ARM.Collect$$rtexit$$00000003           0x00000204   Section        4  rtexit2.o(.ARM.Collect$$rtexit$$00000003)
    .ARM.Collect$$rtexit$$00000004           0x00000208   Section        8  rtexit2.o(.ARM.Collect$$rtexit$$00000004)
    .text                                    0x00000210   Section       32  startup.o(.text)
    .text                                    0x00000230   Section        0  main.o(.text)
    .text                                    0x00000398   Section        0  led.o(.text)
    .text                                    0x00000534   Section        0  string.o(.text)
    .text                                    0x00000694   Section        0  uart.o(.text)
    .text                                    0x000007e4   Section        0  uart.o(.text)
    .text                                    0x00000844   Section        0  keyboard.o(.text)
    .text                                    0x00000894   Section        0  tasks.o(.text)
    prvInitialiseTaskLists                   0x00000895   Thumb Code    72  tasks.o(.text)
    prvAddNewTaskToReadyList                 0x000008dd   Thumb Code   188  tasks.o(.text)
    prvInitialiseNewTask                     0x00000999   Thumb Code   130  tasks.o(.text)
    prvDeleteTCB                             0x00000a83   Thumb Code    22  tasks.o(.text)
    prvResetNextTaskUnblockTime              0x00000a99   Thumb Code    44  tasks.o(.text)
    prvAddCurrentTaskToDelayedList           0x00000e2d   Thumb Code   142  tasks.o(.text)
    prvTaskIsTaskSuspended                   0x000011ab   Thumb Code    66  tasks.o(.text)
    prvCheckTasksWaitingTermination          0x0000130f   Thumb Code    64  tasks.o(.text)
    prvIdleTask                              0x0000134f   Thumb Code    20  tasks.o(.text)
    .text                                    0x00001c50   Section        0  list.o(.text)
    .text                                    0x00001ce6   Section        0  queue.o(.text)
    prvInitialiseNewQueue                    0x00001d7f   Thumb Code    38  queue.o(.text)
    prvUnlockQueue                           0x00001dff   Thumb Code   150  queue.o(.text)
    prvIsQueueFull                           0x00001e95   Thumb Code    34  queue.o(.text)
    prvCopyDataToQueue                       0x00001eb7   Thumb Code   112  queue.o(.text)
    prvIsQueueEmpty                          0x00002125   Thumb Code    32  queue.o(.text)
    prvCopyDataFromQueue                     0x00002145   Thumb Code    48  queue.o(.text)
    .text                                    0x00002544   Section        0  port.o(.text)
    prvSetupTimerInterrupt                   0x000025c3   Thumb Code    60  port.o(.text)
    .text                                    0x0000269c   Section        0  heap_2.o(.text)
    prvHeapInit                              0x0000269d   Thumb Code    38  heap_2.o(.text)
    .text                                    0x00002854   Section      212  rt_memcpy.o(.text)
    .text                                    0x0000292c   Section      100  rt_memcpy_w.o(.text)
    .text                                    0x00002994   Section       64  rt_memclr.o(.text)
    .text                                    0x000029d8   Section       84  rt_memclr_w.o(.text)
    .text                                    0x00002a2c   Section      384  aeabi_sdiv.o(.text)
    __arm_div8                               0x00002a58   ARM Code       0  aeabi_sdiv.o(.text)
    __arm_div5                               0x00002a7c   ARM Code       0  aeabi_sdiv.o(.text)
    __arm_div2                               0x00002aa0   ARM Code       0  aeabi_sdiv.o(.text)
    __arm_div_large                          0x00002adc   ARM Code       0  aeabi_sdiv.o(.text)
    .text                                    0x00002bac   Section        0  heapauxi.o(.text)
    .text                                    0x00002bb4   Section       96  sys_stackheap_outer.o(.text)
    .text                                    0x00002c14   Section        0  exit.o(.text)
    .text                                    0x00002c20   Section       12  libspace.o(.text)
    .text                                    0x00002c34   Section        0  sys_exit.o(.text)
    .text                                    0x00002c40   Section        4  use_no_semi.o(.text)
    .text                                    0x00002c44   Section        0  indicate_semi.o(.text)
    .text_udiv                               0x00002c48   Section       36  aeabi_sdiv.o(.text_udiv)
    PORT_ASM                                 0x00002c70   Section      396  portasm.o(PORT_ASM)
    i.__ARM_common_disable_irq               0x00002e14   Section        0  tasks.o(i.__ARM_common_disable_irq)
    i.__ARM_common_enable_irq                0x00002e2c   Section        0  port.o(i.__ARM_common_enable_irq)
    i.__ARM_common_switch8                   0x00002e40   Section        0  tasks.o(i.__ARM_common_switch8)
    .constdata                               0x00002e60   Section       20  main.o(.constdata)
    .data                                    0x40000000   Section        4  main.o(.data)
    .data                                    0x40000004   Section        4  led.o(.data)
    uiCounter                                0x40000004   Data           4  led.o(.data)
    .data                                    0x40000008   Section       64  tasks.o(.data)
    uxDeletedTasksWaitingCleanUp             0x4000000c   Data           4  tasks.o(.data)
    uxCurrentNumberOfTasks                   0x40000010   Data           4  tasks.o(.data)
    xTickCount                               0x40000014   Data           4  tasks.o(.data)
    uxTopReadyPriority                       0x40000018   Data           4  tasks.o(.data)
    xSchedulerRunning                        0x4000001c   Data           4  tasks.o(.data)
    xPendedTicks                             0x40000020   Data           4  tasks.o(.data)
    xYieldPending                            0x40000024   Data           4  tasks.o(.data)
    xNumOfOverflows                          0x40000028   Data           4  tasks.o(.data)
    uxTaskNumber                             0x4000002c   Data           4  tasks.o(.data)
    xNextTaskUnblockTime                     0x40000030   Data           4  tasks.o(.data)
    xIdleTaskHandle                          0x40000034   Data           4  tasks.o(.data)
    uxSchedulerSuspended                     0x4000003c   Data           4  tasks.o(.data)
    pxDelayedTaskList                        0x40000040   Data           4  tasks.o(.data)
    pxOverflowDelayedTaskList                0x40000044   Data           4  tasks.o(.data)
    .data                                    0x40000048   Section        4  port.o(.data)
    .data                                    0x4000004c   Section       24  heap_2.o(.data)
    xFreeBytesRemaining                      0x4000004c   Data           4  heap_2.o(.data)
    xHeapHasBeenInitialised                  0x40000050   Data           4  heap_2.o(.data)
    xStart                                   0x40000054   Data           8  heap_2.o(.data)
    xEnd                                     0x4000005c   Data           8  heap_2.o(.data)
    .bss                                     0x40000064   Section       38  uart.o(.bss)
    .bss                                     0x4000008c   Section      180  tasks.o(.bss)
    pxReadyTasksLists                        0x4000008c   Data          80  tasks.o(.bss)
    xDelayedTaskList1                        0x400000dc   Data          20  tasks.o(.bss)
    xDelayedTaskList2                        0x400000f0   Data          20  tasks.o(.bss)
    xPendingReadyList                        0x40000104   Data          20  tasks.o(.bss)
    xTasksWaitingTermination                 0x40000118   Data          20  tasks.o(.bss)
    xSuspendedTaskList                       0x4000012c   Data          20  tasks.o(.bss)
    .bss                                     0x40000140   Section     6144  heap_2.o(.bss)
    ucHeap                                   0x40000140   Data        6144  heap_2.o(.bss)
    .bss                                     0x40001940   Section       96  libspace.o(.bss)
    HEAP                                     0x400019a0   Section        0  startup.o(HEAP)
    STACK                                    0x400019a0   Section     1568  startup.o(STACK)
    Heap_Mem                                 0x400019a0   Data           0  startup.o(HEAP)
    Stack_Mem                                0x400019a0   Data        1568  startup.o(STACK)
    Stack_Top                                0x40001fc0   Data           0  startup.o(STACK)

    Global Symbols

    Symbol Name                              Value     Ov Type        Size  Object(Section)

    BuildAttributes$$THM_ISAv1$ARM_ISAv4$S$PE$A:L22$X:L11$S22$IEEE1$IW$USESV6$~STKCKD$USESV7$~SHL$OSPACE$ROPI$EBA8$UX$STANDARDLIB$REQ8$PRES8$EABIv2 0x00000000   Number         0  anon$$obj.o ABSOLUTE
    __ARM_use_no_argv                        0x00000000   Number         0  main.o ABSOLUTE
    __ARM_exceptions_init                     - Undefined Weak Reference
    __alloca_initialize                       - Undefined Weak Reference
    __cpp_initialize__aeabi_                  - Undefined Weak Reference
    __cxa_finalize                            - Undefined Weak Reference
    __rt_locale                               - Undefined Weak Reference
    __sigvec_lookup                           - Undefined Weak Reference
    _atexit_init                              - Undefined Weak Reference
    _call_atexit_fns                          - Undefined Weak Reference
    _clock_init                               - Undefined Weak Reference
    _fp_trap_init                             - Undefined Weak Reference
    _fp_trap_shutdown                         - Undefined Weak Reference
    _get_lc_collate                           - Undefined Weak Reference
    _get_lc_ctype                             - Undefined Weak Reference
    _get_lc_monetary                          - Undefined Weak Reference
    _get_lc_numeric                           - Undefined Weak Reference
    _get_lc_time                              - Undefined Weak Reference
    _getenv_init                              - Undefined Weak Reference
    _handle_redirection                       - Undefined Weak Reference
    _init_alloc                               - Undefined Weak Reference
    _init_user_alloc                          - Undefined Weak Reference
    _initio                                   - Undefined Weak Reference
    _rand_init                                - Undefined Weak Reference
    _signal_finish                            - Undefined Weak Reference
    _signal_init                              - Undefined Weak Reference
    _terminate_alloc                          - Undefined Weak Reference
    _terminate_user_alloc                     - Undefined Weak Reference
    _terminateio                              - Undefined Weak Reference
    Reset_Handler                            0x00000058   ARM Code       0  startup.o(RESET)
    __main                                   0x00000104   ARM Code       8  __main.o(!!!main)
    __scatterload                            0x0000010c   ARM Code       0  __scatter.o(!!!scatter)
    __scatterload_rt2                        0x0000010c   ARM Code      52  __scatter.o(!!!scatter)
    __scatterload_null                       0x00000120   ARM Code       0  __scatter.o(!!!scatter)
    __scatterload_copy                       0x00000148   ARM Code      40  __scatter_copy.o(!!handler_copy)
    __scatterload_zeroinit                   0x00000170   ARM Code      44  __scatter_zi.o(!!handler_zi)
    Inline ARM to Thumb Veneer to __rt_lib_init 0x0000019c   ARM Code       8  libinit.o(.ARM.Collect$$libinit$$00000000)
    __rt_lib_init                            0x000001a5   Thumb Code     0  libinit.o(.ARM.Collect$$libinit$$00000000)
    __rt_lib_init_alloca_1                   0x000001a7   Thumb Code     0  libinit2.o(.ARM.Collect$$libinit$$0000002C)
    __rt_lib_init_argv_1                     0x000001a7   Thumb Code     0  libinit2.o(.ARM.Collect$$libinit$$0000002A)
    __rt_lib_init_atexit_1                   0x000001a7   Thumb Code     0  libinit2.o(.ARM.Collect$$libinit$$00000019)
    __rt_lib_init_clock_1                    0x000001a7   Thumb Code     0  libinit2.o(.ARM.Collect$$libinit$$0000001F)
    __rt_lib_init_cpp_1                      0x000001a7   Thumb Code     0  libinit2.o(.ARM.Collect$$libinit$$00000030)
    __rt_lib_init_exceptions_1               0x000001a7   Thumb Code     0  libinit2.o(.ARM.Collect$$libinit$$0000002E)
    __rt_lib_init_fp_1                       0x000001a7   Thumb Code     0  libinit2.o(.ARM.Collect$$libinit$$00000002)
    __rt_lib_init_fp_trap_1                  0x000001a7   Thumb Code     0  libinit2.o(.ARM.Collect$$libinit$$0000001D)
    __rt_lib_init_getenv_1                   0x000001a7   Thumb Code     0  libinit2.o(.ARM.Collect$$libinit$$00000021)
    __rt_lib_init_heap_1                     0x000001a7   Thumb Code     0  libinit2.o(.ARM.Collect$$libinit$$00000008)
    __rt_lib_init_lc_collate_1               0x000001a7   Thumb Code     0  libinit2.o(.ARM.Collect$$libinit$$0000000F)
    __rt_lib_init_lc_ctype_1                 0x000001a7   Thumb Code     0  libinit2.o(.ARM.Collect$$libinit$$00000011)
    __rt_lib_init_lc_monetary_1              0x000001a7   Thumb Code     0  libinit2.o(.ARM.Collect$$libinit$$00000013)
    __rt_lib_init_lc_numeric_1               0x000001a7   Thumb Code     0  libinit2.o(.ARM.Collect$$libinit$$00000015)
    __rt_lib_init_lc_time_1                  0x000001a7   Thumb Code     0  libinit2.o(.ARM.Collect$$libinit$$00000017)
    __rt_lib_init_rand_1                     0x000001a7   Thumb Code     0  libinit2.o(.ARM.Collect$$libinit$$0000000C)
    __rt_lib_init_return                     0x000001a7   Thumb Code     0  libinit2.o(.ARM.Collect$$libinit$$00000031)
    __rt_lib_init_signal_1                   0x000001a7   Thumb Code     0  libinit2.o(.ARM.Collect$$libinit$$0000001B)
    __rt_lib_init_stdio_1                    0x000001a7   Thumb Code     0  libinit2.o(.ARM.Collect$$libinit$$00000023)
    __rt_lib_init_user_alloc_1               0x000001a7   Thumb Code     0  libinit2.o(.ARM.Collect$$libinit$$0000000A)
    Inline ARM to Thumb Veneer to __rt_lib_shutdown 0x000001b4   ARM Code       8  libshutdown.o(.ARM.Collect$$libshutdown$$00000000)
    __rt_lib_shutdown                        0x000001bd   Thumb Code     0  libshutdown.o(.ARM.Collect$$libshutdown$$00000000)
    __rt_lib_shutdown_fp_trap_1              0x000001c1   Thumb Code     0  libshutdown2.o(.ARM.Collect$$libshutdown$$00000006)
    __rt_lib_shutdown_heap_1                 0x000001c1   Thumb Code     0  libshutdown2.o(.ARM.Collect$$libshutdown$$0000000E)
    __rt_lib_shutdown_return                 0x000001c1   Thumb Code     0  libshutdown2.o(.ARM.Collect$$libshutdown$$0000000F)
    __rt_lib_shutdown_signal_1               0x000001c1   Thumb Code     0  libshutdown2.o(.ARM.Collect$$libshutdown$$00000009)
    __rt_lib_shutdown_stdio_1                0x000001c1   Thumb Code     0  libshutdown2.o(.ARM.Collect$$libshutdown$$00000003)
    __rt_lib_shutdown_user_alloc_1           0x000001c1   Thumb Code     0  libshutdown2.o(.ARM.Collect$$libshutdown$$0000000B)
    __rt_entry                               0x000001c8   ARM Code       0  rtentry.o(.ARM.Collect$$rtentry$$00000000)
    __rt_entry_presh_1                       0x000001c8   ARM Code       0  rtentry2.o(.ARM.Collect$$rtentry$$00000002)
    __rt_entry_sh                            0x000001c8   ARM Code       0  rtentry4.o(.ARM.Collect$$rtentry$$00000004)
    __rt_entry_li                            0x000001d0   ARM Code       0  rtentry2.o(.ARM.Collect$$rtentry$$0000000A)
    __rt_entry_postsh_1                      0x000001d0   ARM Code       0  rtentry2.o(.ARM.Collect$$rtentry$$00000009)
    __rt_entry_main                          0x000001d4   ARM Code       0  rtentry2.o(.ARM.Collect$$rtentry$$0000000D)
    __rt_entry_postli_1                      0x000001d4   ARM Code       0  rtentry2.o(.ARM.Collect$$rtentry$$0000000C)
    Inline Thumb to ARM Veneer to __rt_exit  0x000001fd   Thumb Code     4  rtexit.o(.ARM.Collect$$rtexit$$00000000)
    __rt_exit                                0x00000200   ARM Code       0  rtexit.o(.ARM.Collect$$rtexit$$00000000)
    __rt_exit_ls                             0x00000204   ARM Code       0  rtexit2.o(.ARM.Collect$$rtexit$$00000003)
    __rt_exit_prels_1                        0x00000204   ARM Code       0  rtexit2.o(.ARM.Collect$$rtexit$$00000002)
    __rt_exit_exit                           0x00000208   ARM Code       0  rtexit2.o(.ARM.Collect$$rtexit$$00000004)
    __user_initial_stackheap                 0x00000210   ARM Code       0  startup.o(.text)
    Rtos_Transmiter_SendString               0x00000231   Thumb Code    56  main.o(.text)
    KeyboardTx                               0x00000269   Thumb Code    58  main.o(.text)
    LettersTx                                0x000002a3   Thumb Code   114  main.o(.text)
    main                                     0x00000315   Thumb Code    96  main.o(.text)
    LedInit                                  0x00000399   Thumb Code    22  led.o(.text)
    LedOn                                    0x000003af   Thumb Code    72  led.o(.text)
    LedStep                                  0x000003f7   Thumb Code    56  led.o(.text)
    LedStepRight                             0x0000042f   Thumb Code    12  led.o(.text)
    LedStepLeft                              0x0000043b   Thumb Code    12  led.o(.text)
    LedOff                                   0x00000447   Thumb Code    64  led.o(.text)
    Led_Toggle                               0x00000487   Thumb Code   164  led.o(.text)
    CopyString                               0x00000535   Thumb Code    26  string.o(.text)
    eCompareString                           0x0000054f   Thumb Code    46  string.o(.text)
    AppendString                             0x0000057d   Thumb Code    36  string.o(.text)
    ReplaceCharacterInString                 0x000005a1   Thumb Code    32  string.o(.text)
    UIntToHexStr                             0x000005c1   Thumb Code    70  string.o(.text)
    eHexStringToUInt                         0x00000607   Thumb Code    96  string.o(.text)
    AppendUIntToString                       0x00000667   Thumb Code    36  string.o(.text)
    Inline ARM to Thumb Veneer to Reciever_PutCharacterToBuffer 0x0000068c   ARM Code       8  uart.o(.text)
    Reciever_PutCharacterToBuffer            0x00000695   Thumb Code    68  uart.o(.text)
    eReciever_GetStatus                      0x000006d9   Thumb Code     6  uart.o(.text)
    Reciever_GetStringCopy                   0x000006df   Thumb Code    26  uart.o(.text)
    Transmiter_GetCharacterFromBuffer        0x000006f9   Thumb Code    54  uart.o(.text)
    Transmiter_SendString                    0x0000072f   Thumb Code    38  uart.o(.text)
    Transmiter_GetStatus                     0x00000755   Thumb Code     6  uart.o(.text)
    UART_InitWithInt                         0x0000075b   Thumb Code   100  uart.o(.text)
    UART0_Interrupt                          0x000007e4   ARM Code      92  uart.o(.text)
    ReadKeyboardState                        0x00000845   Thumb Code    60  keyboard.o(.text)
    KeyboardInit                             0x00000881   Thumb Code    14  keyboard.o(.text)
    xTaskCreate                              0x00000a1b   Thumb Code   104  tasks.o(.text)
    vTaskDelete                              0x00000ac5   Thumb Code   138  tasks.o(.text)
    xTaskIncrementTick                       0x00000b4f   Thumb Code   430  tasks.o(.text)
    xTaskResumeAll                           0x00000cfd   Thumb Code   304  tasks.o(.text)
    vTaskSuspendAll                          0x00000ebb   Thumb Code    12  tasks.o(.text)
    xTaskDelayUntil                          0x00000ec7   Thumb Code    98  tasks.o(.text)
    vTaskDelay                               0x00000f29   Thumb Code    42  tasks.o(.text)
    uxTaskPriorityGet                        0x00000f53   Thumb Code    36  tasks.o(.text)
    uxTaskPriorityGetFromISR                 0x00000f77   Thumb Code    26  tasks.o(.text)
    vTaskPrioritySet                         0x00000f91   Thumb Code   232  tasks.o(.text)
    vTaskSwitchContext                       0x00001079   Thumb Code   152  tasks.o(.text)
    vTaskSuspend                             0x00001111   Thumb Code   154  tasks.o(.text)
    vTaskResume                              0x000011ed   Thumb Code   140  tasks.o(.text)
    xTaskResumeFromISR                       0x00001279   Thumb Code   150  tasks.o(.text)
    vTaskStartScheduler                      0x00001363   Thumb Code    64  tasks.o(.text)
    vTaskEndScheduler                        0x000013a3   Thumb Code    22  tasks.o(.text)
    xTaskGetTickCount                        0x000013b9   Thumb Code    22  tasks.o(.text)
    xTaskGetTickCountFromISR                 0x000013cf   Thumb Code     8  tasks.o(.text)
    uxTaskGetNumberOfTasks                   0x000013d7   Thumb Code     6  tasks.o(.text)
    pcTaskGetName                            0x000013dd   Thumb Code    22  tasks.o(.text)
    xTaskCatchUpTicks                        0x000013f3   Thumb Code    40  tasks.o(.text)
    vTaskPlaceOnEventList                    0x0000141b   Thumb Code    32  tasks.o(.text)
    vTaskPlaceOnUnorderedEventList           0x0000143b   Thumb Code    80  tasks.o(.text)
    xTaskRemoveFromEventList                 0x0000148b   Thumb Code   310  tasks.o(.text)
    vTaskRemoveFromUnorderedEventList        0x000015c1   Thumb Code   184  tasks.o(.text)
    vTaskSetTimeOutState                     0x00001679   Thumb Code    30  tasks.o(.text)
    vTaskInternalSetTimeOutState             0x00001697   Thumb Code    14  tasks.o(.text)
    xTaskCheckForTimeOut                     0x000016a5   Thumb Code    92  tasks.o(.text)
    vTaskMissedYield                         0x00001701   Thumb Code     8  tasks.o(.text)
    xTaskGetCurrentTaskHandle                0x00001709   Thumb Code     6  tasks.o(.text)
    uxTaskResetEventItemValue                0x0000170f   Thumb Code    24  tasks.o(.text)
    ulTaskGenericNotifyTake                  0x00001727   Thumb Code   124  tasks.o(.text)
    xTaskGenericNotifyWait                   0x000017a3   Thumb Code   152  tasks.o(.text)
    xTaskGenericNotify                       0x0000183b   Thumb Code   324  tasks.o(.text)
    xTaskGenericNotifyFromISR                0x0000197f   Thumb Code   336  tasks.o(.text)
    vTaskGenericNotifyGiveFromISR            0x00001acf   Thumb Code   236  tasks.o(.text)
    xTaskGenericNotifyStateClear             0x00001bbb   Thumb Code    60  tasks.o(.text)
    ulTaskGenericNotifyValueClear            0x00001bf7   Thumb Code    66  tasks.o(.text)
    vListInitialise                          0x00001c51   Thumb Code    26  list.o(.text)
    vListInitialiseItem                      0x00001c6b   Thumb Code     6  list.o(.text)
    vListInsertEnd                           0x00001c71   Thumb Code    24  list.o(.text)
    vListInsert                              0x00001c89   Thumb Code    54  list.o(.text)
    uxListRemove                             0x00001cbf   Thumb Code    40  list.o(.text)
    xQueueGenericReset                       0x00001ce7   Thumb Code   152  queue.o(.text)
    xQueueGenericCreate                      0x00001da5   Thumb Code    90  queue.o(.text)
    xQueueGenericSend                        0x00001f27   Thumb Code   244  queue.o(.text)
    xQueueGenericSendFromISR                 0x0000201b   Thumb Code   140  queue.o(.text)
    xQueueGiveFromISR                        0x000020a7   Thumb Code   126  queue.o(.text)
    xQueueReceive                            0x00002175   Thumb Code   230  queue.o(.text)
    xQueueSemaphoreTake                      0x0000225b   Thumb Code   222  queue.o(.text)
    xQueuePeek                               0x00002339   Thumb Code   234  queue.o(.text)
    xQueueReceiveFromISR                     0x00002423   Thumb Code   128  queue.o(.text)
    xQueuePeekFromISR                        0x000024a3   Thumb Code    44  queue.o(.text)
    uxQueueMessagesWaiting                   0x000024cf   Thumb Code    22  queue.o(.text)
    uxQueueSpacesAvailable                   0x000024e5   Thumb Code    28  queue.o(.text)
    uxQueueMessagesWaitingFromISR            0x00002501   Thumb Code     8  queue.o(.text)
    vQueueDelete                             0x00002509   Thumb Code    18  queue.o(.text)
    xQueueIsQueueEmptyFromISR                0x0000251b   Thumb Code    18  queue.o(.text)
    xQueueIsQueueFullFromISR                 0x0000252d   Thumb Code    24  queue.o(.text)
    pxPortInitialiseStack                    0x00002545   Thumb Code   126  port.o(.text)
    xPortStartScheduler                      0x000025ff   Thumb Code    18  port.o(.text)
    vPortEndScheduler                        0x00002611   Thumb Code     2  port.o(.text)
    vPortEnterCritical                       0x00002613   Thumb Code    22  port.o(.text)
    vPortExitCritical                        0x00002629   Thumb Code    38  port.o(.text)
    pvPortMalloc                             0x000026c3   Thumb Code   212  heap_2.o(.text)
    vPortFree                                0x00002797   Thumb Code    82  heap_2.o(.text)
    xPortGetFreeHeapSize                     0x000027e9   Thumb Code     6  heap_2.o(.text)
    vPortInitialiseBlocks                    0x000027ef   Thumb Code     2  heap_2.o(.text)
    pvPortCalloc                             0x000027f1   Thumb Code    70  heap_2.o(.text)
    Inline Thumb to ARM Veneer to __aeabi_memcpy 0x00002851   Thumb Code     4  rt_memcpy.o(.text)
    __aeabi_memcpy                           0x00002854   ARM Code       0  rt_memcpy.o(.text)
    __rt_memcpy                              0x00002854   ARM Code     212  rt_memcpy.o(.text)
    _memcpy_lastbytes                        0x00002908   ARM Code       0  rt_memcpy.o(.text)
    Inline Thumb to ARM Veneer to __aeabi_memcpy4 0x00002929   Thumb Code     4  rt_memcpy_w.o(.text)
    __aeabi_memcpy4                          0x0000292c   ARM Code       0  rt_memcpy_w.o(.text)
    __aeabi_memcpy8                          0x0000292c   ARM Code       0  rt_memcpy_w.o(.text)
    __rt_memcpy_w                            0x0000292c   ARM Code     100  rt_memcpy_w.o(.text)
    _memcpy_lastbytes_aligned                0x00002978   ARM Code       0  rt_memcpy_w.o(.text)
    Inline Thumb to ARM Veneer to __aeabi_memclr 0x00002991   Thumb Code     4  rt_memclr.o(.text)
    __aeabi_memclr                           0x00002994   ARM Code       0  rt_memclr.o(.text)
    __rt_memclr                              0x00002994   ARM Code      64  rt_memclr.o(.text)
    _memset                                  0x00002998   ARM Code       0  rt_memclr.o(.text)
    Inline Thumb to ARM Veneer to __aeabi_memclr4 0x000029d5   Thumb Code     4  rt_memclr_w.o(.text)
    __aeabi_memclr4                          0x000029d8   ARM Code       0  rt_memclr_w.o(.text)
    __aeabi_memclr8                          0x000029d8   ARM Code       0  rt_memclr_w.o(.text)
    __rt_memclr_w                            0x000029d8   ARM Code      84  rt_memclr_w.o(.text)
    _memset_w                                0x000029dc   ARM Code       0  rt_memclr_w.o(.text)
    __aeabi_idiv                             0x00002a2c   ARM Code       0  aeabi_sdiv.o(.text)
    __aeabi_idivmod                          0x00002a2c   ARM Code     384  aeabi_sdiv.o(.text)
    __use_two_region_memory                  0x00002bad   Thumb Code     2  heapauxi.o(.text)
    __rt_heap_escrow$2region                 0x00002baf   Thumb Code     2  heapauxi.o(.text)
    __rt_heap_expand$2region                 0x00002bb1   Thumb Code     2  heapauxi.o(.text)
    __user_setup_stackheap                   0x00002bb4   ARM Code      96  sys_stackheap_outer.o(.text)
    exit                                     0x00002c15   Thumb Code    12  exit.o(.text)
    __user_libspace                          0x00002c20   ARM Code      12  libspace.o(.text)
    __user_perproc_libspace                  0x00002c20   ARM Code       0  libspace.o(.text)
    __user_perthread_libspace                0x00002c20   ARM Code       0  libspace.o(.text)
    Inline ARM to Thumb Veneer to _sys_exit  0x00002c2c   ARM Code       8  sys_exit.o(.text)
    _sys_exit                                0x00002c35   Thumb Code     8  sys_exit.o(.text)
    __I$use$semihosting                      0x00002c40   ARM Code       0  use_no_semi.o(.text)
    __use_no_semihosting_swi                 0x00002c40   ARM Code       4  use_no_semi.o(.text)
    Inline Thumb to ARM Veneer to __aeabi_uidivmod 0x00002c45   Thumb Code     4  aeabi_sdiv.o(.text_udiv)
    __semihosting_library_function           0x00002c44   ARM Code       0  indicate_semi.o(.text)
    __aeabi_uidiv                            0x00002c48   ARM Code       0  aeabi_sdiv.o(.text_udiv)
    __aeabi_uidivmod                         0x00002c48   ARM Code      36  aeabi_sdiv.o(.text_udiv)
    Inline Thumb to ARM Veneer to vPortStartFirstTask 0x00002c6d   Thumb Code     4  portasm.o(PORT_ASM)
    vPortStartFirstTask                      0x00002c70   ARM Code       0  portasm.o(PORT_ASM)
    vPortYield                               0x00002ca0   ARM Code       0  portasm.o(PORT_ASM)
    vPortYieldProcessor                      0x00002ca8   ARM Code       0  portasm.o(PORT_ASM)
    vPreemptiveTick                          0x00002d34   ARM Code       0  portasm.o(PORT_ASM)
    Long ARM to Thumb Veneer to Transmiter_GetCharacterFromBuffer 0x00002dfc   ARM Code      12  anon$$obj.o(Veneer$$Code)
    Short Thumb to ARM Veneer to vPortYield  0x00002e09   Thumb Code     8  anon$$obj.o(Veneer$$Code)
    Inline Thumb to ARM Veneer to __ARM_common_disable_irq 0x00002e11   Thumb Code     4  tasks.o(i.__ARM_common_disable_irq)
    __ARM_common_disable_irq                 0x00002e14   ARM Code      20  tasks.o(i.__ARM_common_disable_irq)
    Inline Thumb to ARM Veneer to __ARM_common_enable_irq 0x00002e29   Thumb Code     4  port.o(i.__ARM_common_enable_irq)
    __ARM_common_enable_irq                  0x00002e2c   ARM Code      16  port.o(i.__ARM_common_enable_irq)
    Inline Thumb to ARM Veneer to __ARM_common_switch8 0x00002e3d   Thumb Code     4  tasks.o(i.__ARM_common_switch8)
    __ARM_common_switch8                     0x00002e40   ARM Code      32  tasks.o(i.__ARM_common_switch8)
    Region$$Table$$Base                      0x00002e74   Number         0  anon$$obj.o(Region$$Table)
    Region$$Table$$Limit                     0x00002e94   Number         0  anon$$obj.o(Region$$Table)
    xQueue                                   0x40000000   Data           4  main.o(.data)
    pxCurrentTCB                             0x40000008   Data           4  tasks.o(.data)
    uxTopUsedPriority                        0x40000038   Data           4  tasks.o(.data)
    ulCriticalNesting                        0x40000048   Data           4  port.o(.data)
    eRecieverBuffer                          0x40000064   Data          20  uart.o(.bss)
    sTransmiterBuffer                        0x40000078   Data          18  uart.o(.bss)
    __libspace_start                         0x40001940   Data          96  libspace.o(.bss)
    __temporary_stack_top$libspace           0x400019a0   Data           0  libspace.o(.bss)



==============================================================================

Memory Map of the image

  Image Entry point : 0x00000104

  Load Region LR_IROM1 (Base: 0x00000000, Size: 0x00002ef8, Max: 0x00040000, ABSOLUTE)

    Execution Region ER_IROM1 (Base: 0x00000000, Size: 0x00002e94, Max: 0x00040000, ABSOLUTE)

    Base Addr    Size         Type   Attr      Idx    E Section Name        Object

    0x00000000   0x00000104   Code   RO            3    RESET               startup.o
    0x00000104   0x00000008   Code   RO          274  * !!!main             c_t.l(__main.o)
    0x0000010c   0x0000003c   Code   RO          440    !!!scatter          c_t.l(__scatter.o)
    0x00000148   0x00000028   Code   RO          442    !!handler_copy      c_t.l(__scatter_copy.o)
    0x00000170   0x0000002c   Code   RO          444    !!handler_zi        c_t.l(__scatter_zi.o)
    0x0000019c   0x00000008   Ven    RO          311    .ARM.Collect$$libinit$$00000000  c_t.l(libinit.o)
    0x000001a4   0x00000002   Code   RO          311    .ARM.Collect$$libinit$$00000000  c_t.l(libinit.o)
    0x000001a6   0x00000000   Code   RO          324    .ARM.Collect$$libinit$$00000002  c_t.l(libinit2.o)
    0x000001a6   0x00000000   Code   RO          327    .ARM.Collect$$libinit$$00000008  c_t.l(libinit2.o)
    0x000001a6   0x00000000   Code   RO          329    .ARM.Collect$$libinit$$0000000A  c_t.l(libinit2.o)
    0x000001a6   0x00000000   Code   RO          331    .ARM.Collect$$libinit$$0000000C  c_t.l(libinit2.o)
    0x000001a6   0x00000000   Code   RO          334    .ARM.Collect$$libinit$$0000000F  c_t.l(libinit2.o)
    0x000001a6   0x00000000   Code   RO          336    .ARM.Collect$$libinit$$00000011  c_t.l(libinit2.o)
    0x000001a6   0x00000000   Code   RO          338    .ARM.Collect$$libinit$$00000013  c_t.l(libinit2.o)
    0x000001a6   0x00000000   Code   RO          340    .ARM.Collect$$libinit$$00000015  c_t.l(libinit2.o)
    0x000001a6   0x00000000   Code   RO          342    .ARM.Collect$$libinit$$00000017  c_t.l(libinit2.o)
    0x000001a6   0x00000000   Code   RO          344    .ARM.Collect$$libinit$$00000019  c_t.l(libinit2.o)
    0x000001a6   0x00000000   Code   RO          346    .ARM.Collect$$libinit$$0000001B  c_t.l(libinit2.o)
    0x000001a6   0x00000000   Code   RO          348    .ARM.Collect$$libinit$$0000001D  c_t.l(libinit2.o)
    0x000001a6   0x00000000   Code   RO          350    .ARM.Collect$$libinit$$0000001F  c_t.l(libinit2.o)
    0x000001a6   0x00000000   Code   RO          352    .ARM.Collect$$libinit$$00000021  c_t.l(libinit2.o)
    0x000001a6   0x00000000   Code   RO          354    .ARM.Collect$$libinit$$00000023  c_t.l(libinit2.o)
    0x000001a6   0x00000000   Code   RO          358    .ARM.Collect$$libinit$$0000002A  c_t.l(libinit2.o)
    0x000001a6   0x00000000   Code   RO          360    .ARM.Collect$$libinit$$0000002C  c_t.l(libinit2.o)
    0x000001a6   0x00000000   Code   RO          362    .ARM.Collect$$libinit$$0000002E  c_t.l(libinit2.o)
    0x000001a6   0x00000000   Code   RO          364    .ARM.Collect$$libinit$$00000030  c_t.l(libinit2.o)
    0x000001a6   0x0000000c   Code   RO          365    .ARM.Collect$$libinit$$00000031  c_t.l(libinit2.o)
    0x000001b2   0x00000002   PAD
    0x000001b4   0x00000008   Ven    RO          398    .ARM.Collect$$libshutdown$$00000000  c_t.l(libshutdown.o)
    0x000001bc   0x00000004   Code   RO          398    .ARM.Collect$$libshutdown$$00000000  c_t.l(libshutdown.o)
    0x000001c0   0x00000000   Code   RO          425    .ARM.Collect$$libshutdown$$00000003  c_t.l(libshutdown2.o)
    0x000001c0   0x00000000   Code   RO          428    .ARM.Collect$$libshutdown$$00000006  c_t.l(libshutdown2.o)
    0x000001c0   0x00000000   Code   RO          431    .ARM.Collect$$libshutdown$$00000009  c_t.l(libshutdown2.o)
    0x000001c0   0x00000000   Code   RO          433    .ARM.Collect$$libshutdown$$0000000B  c_t.l(libshutdown2.o)
    0x000001c0   0x00000000   Code   RO          436    .ARM.Collect$$libshutdown$$0000000E  c_t.l(libshutdown2.o)
    0x000001c0   0x00000006   Code   RO          437    .ARM.Collect$$libshutdown$$0000000F  c_t.l(libshutdown2.o)
    0x000001c6   0x00000002   PAD
    0x000001c8   0x00000000   Code   RO          276    .ARM.Collect$$rtentry$$00000000  c_t.l(rtentry.o)
    0x000001c8   0x00000000   Code   RO          282    .ARM.Collect$$rtentry$$00000002  c_t.l(rtentry2.o)
    0x000001c8   0x00000008   Code   RO          294    .ARM.Collect$$rtentry$$00000004  c_t.l(rtentry4.o)
    0x000001d0   0x00000000   Code   RO          284    .ARM.Collect$$rtentry$$00000009  c_t.l(rtentry2.o)
    0x000001d0   0x00000004   Code   RO          285    .ARM.Collect$$rtentry$$0000000A  c_t.l(rtentry2.o)
    0x000001d4   0x00000000   Code   RO          287    .ARM.Collect$$rtentry$$0000000C  c_t.l(rtentry2.o)
    0x000001d4   0x00000028   Code   RO          288    .ARM.Collect$$rtentry$$0000000D  c_t.l(rtentry2.o)
    0x000001fc   0x00000004   Ven    RO          315    .ARM.Collect$$rtexit$$00000000  c_t.l(rtexit.o)
    0x00000200   0x00000004   Code   RO          315    .ARM.Collect$$rtexit$$00000000  c_t.l(rtexit.o)
    0x00000204   0x00000000   Code   RO          369    .ARM.Collect$$rtexit$$00000002  c_t.l(rtexit2.o)
    0x00000204   0x00000004   Code   RO          370    .ARM.Collect$$rtexit$$00000003  c_t.l(rtexit2.o)
    0x00000208   0x00000008   Code   RO          371    .ARM.Collect$$rtexit$$00000004  c_t.l(rtexit2.o)
    0x00000210   0x00000020   Code   RO            4    .text               startup.o
    0x00000230   0x00000168   Code   RO           11    .text               main.o
    0x00000398   0x0000019c   Code   RO           75    .text               led.o
    0x00000534   0x00000156   Code   RO           91    .text               string.o
    0x0000068a   0x00000002   PAD
    0x0000068c   0x00000008   Ven    RO          103    .text               uart.o
    0x00000694   0x00000150   Code   RO          103    .text               uart.o
    0x000007e4   0x00000060   Code   RO          104    .text               uart.o
    0x00000844   0x00000050   Code   RO          128    .text               keyboard.o
    0x00000894   0x000013bc   Code   RO          140    .text               tasks.o
    0x00001c50   0x00000096   Code   RO          184    .text               list.o
    0x00001ce6   0x0000085e   Code   RO          196    .text               queue.o
    0x00002544   0x00000158   Code   RO          211    .text               port.o
    0x0000269c   0x000001b4   Code   RO          228    .text               heap_2.o
    0x00002850   0x00000004   Ven    RO          248    .text               c_t.l(rt_memcpy.o)
    0x00002854   0x000000d4   Code   RO          248    .text               c_t.l(rt_memcpy.o)
    0x00002928   0x00000004   Ven    RO          250    .text               c_t.l(rt_memcpy_w.o)
    0x0000292c   0x00000064   Code   RO          250    .text               c_t.l(rt_memcpy_w.o)
    0x00002990   0x00000004   Ven    RO          252    .text               c_t.l(rt_memclr.o)
    0x00002994   0x00000040   Code   RO          252    .text               c_t.l(rt_memclr.o)
    0x000029d4   0x00000004   Ven    RO          254    .text               c_t.l(rt_memclr_w.o)
    0x000029d8   0x00000054   Code   RO          254    .text               c_t.l(rt_memclr_w.o)
    0x00002a2c   0x00000180   Code   RO          256    .text               c_t.l(aeabi_sdiv.o)
    0x00002bac   0x00000006   Code   RO          272    .text               c_t.l(heapauxi.o)
    0x00002bb2   0x00000002   PAD
    0x00002bb4   0x00000060   Code   RO          298    .text               c_t.l(sys_stackheap_outer.o)
    0x00002c14   0x0000000c   Code   RO          300    .text               c_t.l(exit.o)
    0x00002c20   0x0000000c   Code   RO          312    .text               c_t.l(libspace.o)
    0x00002c2c   0x00000008   Ven    RO          366    .text               c_t.l(sys_exit.o)
    0x00002c34   0x0000000c   Code   RO          366    .text               c_t.l(sys_exit.o)
    0x00002c40   0x00000004   Code   RO          387    .text               c_t.l(use_no_semi.o)
    0x00002c44   0x00000000   Code   RO          389    .text               c_t.l(indicate_semi.o)
    0x00002c44   0x00000004   Ven    RO          257    .text_udiv          c_t.l(aeabi_sdiv.o)
    0x00002c48   0x00000024   Code   RO          257    .text_udiv          c_t.l(aeabi_sdiv.o)
    0x00002c6c   0x00000004   Ven    RO          243    PORT_ASM            portasm.o
    0x00002c70   0x0000018c   Code   RO          243    PORT_ASM            portasm.o
    0x00002dfc   0x0000000c   Ven    RO          460    Veneer$$Code        anon$$obj.o
    0x00002e08   0x00000008   Ven    RO          461    Veneer$$Code        anon$$obj.o
    0x00002e10   0x00000004   Ven    RO          155    i.__ARM_common_disable_irq  tasks.o
    0x00002e14   0x00000014   Code   RO          155    i.__ARM_common_disable_irq  tasks.o
    0x00002e28   0x00000004   Ven    RO          223    i.__ARM_common_enable_irq  port.o
    0x00002e2c   0x00000010   Code   RO          223    i.__ARM_common_enable_irq  port.o
    0x00002e3c   0x00000004   Ven    RO          153    i.__ARM_common_switch8  tasks.o
    0x00002e40   0x00000020   Code   RO          153    i.__ARM_common_switch8  tasks.o
    0x00002e60   0x00000014   Data   RO           12    .constdata          main.o
    0x00002e74   0x00000020   Data   RO          438    Region$$Table       anon$$obj.o


    Execution Region RW_IRAM1 (Base: 0x40000000, Size: 0x00001fc0, Max: 0x00004000, ABSOLUTE)

    Base Addr    Size         Type   Attr      Idx    E Section Name        Object

    0x40000000   0x00000004   Data   RW           13    .data               main.o
    0x40000004   0x00000004   Data   RW           76    .data               led.o
    0x40000008   0x00000040   Data   RW          142    .data               tasks.o
    0x40000048   0x00000004   Data   RW          212    .data               port.o
    0x4000004c   0x00000018   Data   RW          230    .data               heap_2.o
    0x40000064   0x00000026   Zero   RW          105    .bss                uart.o
    0x4000008a   0x00000002   PAD
    0x4000008c   0x000000b4   Zero   RW          141    .bss                tasks.o
    0x40000140   0x00001800   Zero   RW          229    .bss                heap_2.o
    0x40001940   0x00000060   Zero   RW          313    .bss                c_t.l(libspace.o)
    0x400019a0   0x00000000   Zero   RW            2    HEAP                startup.o
    0x400019a0   0x00000620   Zero   RW            1    STACK               startup.o


==============================================================================

Image component sizes


      Code (inc. data)   RO Data    RW Data    ZI Data      Debug   Object Name

       436         26          0         24       6144       4349   heap_2.o
        80          6          0          0          0        597   keyboard.o
       412         10          0          4          0       1947   led.o
       150          0          0          0          0       1910   list.o
       360         36         20          4          0      22040   main.o
       360         78          0          4          0       3075   port.o
       396         24          0          0          0        348   portasm.o
      2142          0          0          0          0      14582   queue.o
       292         60          0          0       1568        580   startup.o
       342          0          0          0          0       2579   string.o
      5104        270          0         64        180      29292   tasks.o
       432         42          0          0         38       3709   uart.o

    ----------------------------------------------------------------------
     10552        556         52        100       7932      85008   Object Totals
        44          4         32          0          0          0   (incl. Generated)
         2          0          0          0          2          0   (incl. Padding)

    ----------------------------------------------------------------------

      Code (inc. data)   RO Data    RW Data    ZI Data      Debug   Library Member Name

         8          0          0          0          0         68   __main.o
        60          8          0          0          0          0   __scatter.o
        40          0          0          0          0          0   __scatter_copy.o
        44          0          0          0          0          0   __scatter_zi.o
       424          0          0          0          0        148   aeabi_sdiv.o
        12          0          0          0          0         64   exit.o
         6          0          0          0          0        136   heapauxi.o
         0          0          0          0          0          0   indicate_semi.o
        10          0          0          0          0          0   libinit.o
        12          0          0          0          0          0   libinit2.o
        12          0          0          0          0          0   libshutdown.o
         6          0          0          0          0          0   libshutdown2.o
        12          4          0          0         96         68   libspace.o
        68          0          0          0          0         68   rt_memclr.o
        88          0          0          0          0         80   rt_memclr_w.o
       216          0          0          0          0         68   rt_memcpy.o
       104          0          0          0          0         80   rt_memcpy_w.o
         0          0          0          0          0          0   rtentry.o
        44          4          0          0          0          0   rtentry2.o
         8          0          0          0          0          0   rtentry4.o
         8          0          0          0          0          0   rtexit.o
        12          0          0          0          0          0   rtexit2.o
        20          4          0          0          0         60   sys_exit.o
        96          0          0          0          0         80   sys_stackheap_outer.o
         4          0          0          0          0         68   use_no_semi.o

    ----------------------------------------------------------------------
      1320         20          0          0         96        988   Library Totals
         6          0          0          0          0          0   (incl. Padding)

    ----------------------------------------------------------------------

      Code (inc. data)   RO Data    RW Data    ZI Data      Debug   Library Name

      1314         20          0          0         96        988   c_t.l

    ----------------------------------------------------------------------
      1320         20          0          0         96        988   Library Totals

    ----------------------------------------------------------------------

==============================================================================


      Code (inc. data)   RO Data    RW Data    ZI Data      Debug   

     11872        576         52        100       8028      84544   Grand Totals
     11872        576         52        100       8028      84544   ELF Image Totals
     11872        576         52        100          0          0   ROM Totals

==============================================================================

    Total RO  Size (Code + RO Data)                11924 (  11.64kB)
    Total RW  Size (RW Data + ZI Data)              8128 (   7.94kB)
    Total ROM Size (Code + RO Data + RW Data)      12024 (  11.74kB)

==============================================================================

