<html>
<body>
<pre>
<h1>µVision Build Log</h1>
<h2>Project:</h2>
D:\Semestr 6\WZPSW\RTOS\6. Program finalny\6.1.3\FreeRTOS\Demo\ARM7_LPC2129_Keil_RVDS\RTOSDemo.uvproj
Project File Date:  03/29/2023

<h2>Output:</h2>
Rebuild target 'RTOSDemo_THUMB'
assembling Startup.s...
compiling main.c...
compiling led.c...
compiling string.c...
compiling uart.c...
compiling keyboard.c...
compiling Servo.c...
compiling timer_interrupts.c...
compiling timer.c...
compiling watch.c...
compiling tasks.c...
compiling list.c...
compiling queue.c...
compiling port.c...
compiling heap_2.c...
assembling portASM.s...
linking...
Program Size: Code=11236 RO-data=32 RW-data=108 ZI-data=7988  
FromELF: creating hex file...
".\bin\RTOSDemo.axf" - 0 Errors, 0 Warning(s).
Rebuild target 'RTOSDemo_THUMB'
assembling Startup.s...
compiling main.c...
compiling led.c...
compiling string.c...
compiling uart.c...
compiling keyboard.c...
compiling Servo.c...
compiling timer_interrupts.c...
compiling timer.c...
compiling watch.c...
compiling tasks.c...
compiling list.c...
compiling queue.c...
compiling port.c...
compiling heap_2.c...
assembling portASM.s...
linking...
Program Size: Code=12328 RO-data=32 RW-data=124 ZI-data=8116  
FromELF: creating hex file...
".\bin\RTOSDemo.axf" - 0 Errors, 0 Warning(s).
Rebuild target 'RTOSDemo_THUMB'
assembling Startup.s...
compiling main.c...
main.c(13): warning:  #177-D: variable "minutes" was declared but never referenced
compiling led.c...
compiling string.c...
compiling uart.c...
compiling keyboard.c...
compiling Servo.c...
compiling timer_interrupts.c...
compiling timer.c...
compiling watch.c...
compiling tasks.c...
compiling list.c...
compiling queue.c...
compiling port.c...
compiling heap_2.c...
assembling portASM.s...
linking...
Program Size: Code=12412 RO-data=32 RW-data=124 ZI-data=8116  
FromELF: creating hex file...
".\bin\RTOSDemo.axf" - 0 Errors, 1 Warning(s).
Rebuild target 'RTOSDemo_THUMB'
assembling Startup.s...
compiling main.c...
main.c(13): warning:  #177-D: variable "minutes" was declared but never referenced
compiling led.c...
compiling string.c...
compiling uart.c...
compiling keyboard.c...
compiling Servo.c...
compiling timer_interrupts.c...
compiling timer.c...
compiling watch.c...
compiling tasks.c...
compiling list.c...
compiling queue.c...
compiling port.c...
compiling heap_2.c...
assembling portASM.s...
linking...
Program Size: Code=12416 RO-data=32 RW-data=124 ZI-data=8116  
FromELF: creating hex file...
".\bin\RTOSDemo.axf" - 0 Errors, 1 Warning(s).
Rebuild target 'RTOSDemo_THUMB'
assembling Startup.s...
compiling main.c...
main.c(11): warning:  #177-D: variable "Buffer" was declared but never referenced
main.c(12): warning:  #177-D: variable "seconds" was declared but never referenced
main.c(13): warning:  #177-D: variable "minutes" was declared but never referenced
compiling led.c...
compiling string.c...
compiling uart.c...
compiling keyboard.c...
compiling Servo.c...
compiling timer_interrupts.c...
compiling timer.c...
compiling watch.c...
compiling tasks.c...
compiling list.c...
compiling queue.c...
compiling port.c...
compiling heap_2.c...
assembling portASM.s...
linking...
Program Size: Code=12332 RO-data=32 RW-data=124 ZI-data=8116  
FromELF: creating hex file...
".\bin\RTOSDemo.axf" - 0 Errors, 3 Warning(s).
Rebuild target 'RTOSDemo_THUMB'
assembling Startup.s...
compiling main.c...
main.c(11): warning:  #177-D: variable "Buffer" was declared but never referenced
main.c(12): warning:  #177-D: variable "seconds" was declared but never referenced
main.c(13): warning:  #177-D: variable "minutes" was declared but never referenced
compiling led.c...
compiling string.c...
compiling uart.c...
compiling keyboard.c...
compiling Servo.c...
compiling timer_interrupts.c...
compiling timer.c...
compiling watch.c...
compiling tasks.c...
compiling list.c...
compiling queue.c...
compiling port.c...
compiling heap_2.c...
assembling portASM.s...
linking...
Program Size: Code=12348 RO-data=32 RW-data=124 ZI-data=8116  
FromELF: creating hex file...
".\bin\RTOSDemo.axf" - 0 Errors, 3 Warning(s).
Rebuild target 'RTOSDemo_THUMB'
assembling Startup.s...
compiling main.c...
main.c(11): warning:  #177-D: variable "Buffer" was declared but never referenced
main.c(12): warning:  #177-D: variable "seconds" was declared but never referenced
main.c(13): warning:  #177-D: variable "minutes" was declared but never referenced
compiling led.c...
compiling string.c...
compiling uart.c...
compiling keyboard.c...
compiling Servo.c...
compiling timer_interrupts.c...
compiling timer.c...
compiling watch.c...
compiling tasks.c...
compiling list.c...
compiling queue.c...
compiling port.c...
compiling heap_2.c...
assembling portASM.s...
linking...
Program Size: Code=12340 RO-data=32 RW-data=124 ZI-data=8116  
FromELF: creating hex file...
".\bin\RTOSDemo.axf" - 0 Errors, 3 Warning(s).
Rebuild target 'RTOSDemo_THUMB'
assembling Startup.s...
compiling main.c...
main.c(13): warning:  #177-D: variable "minutes" was declared but never referenced
compiling led.c...
compiling string.c...
compiling uart.c...
compiling keyboard.c...
compiling Servo.c...
compiling timer_interrupts.c...
compiling timer.c...
compiling watch.c...
compiling tasks.c...
compiling list.c...
compiling queue.c...
compiling port.c...
compiling heap_2.c...
assembling portASM.s...
linking...
Program Size: Code=12380 RO-data=32 RW-data=124 ZI-data=8116  
FromELF: creating hex file...
".\bin\RTOSDemo.axf" - 0 Errors, 1 Warning(s).
Rebuild target 'RTOSDemo_THUMB'
assembling Startup.s...
compiling main.c...
main.c(12): warning:  #177-D: variable "minutes" was declared but never referenced
compiling led.c...
compiling string.c...
compiling uart.c...
compiling keyboard.c...
compiling Servo.c...
compiling timer_interrupts.c...
compiling timer.c...
compiling watch.c...
compiling tasks.c...
compiling list.c...
compiling queue.c...
compiling port.c...
compiling heap_2.c...
assembling portASM.s...
linking...
Program Size: Code=12388 RO-data=132 RW-data=124 ZI-data=8116  
FromELF: creating hex file...
".\bin\RTOSDemo.axf" - 0 Errors, 1 Warning(s).
Rebuild target 'RTOSDemo_THUMB'
assembling Startup.s...
compiling main.c...
compiling led.c...
compiling string.c...
compiling uart.c...
compiling keyboard.c...
compiling Servo.c...
compiling timer_interrupts.c...
compiling timer.c...
compiling watch.c...
compiling tasks.c...
compiling list.c...
compiling queue.c...
compiling port.c...
compiling heap_2.c...
assembling portASM.s...
linking...
Program Size: Code=12424 RO-data=132 RW-data=124 ZI-data=8116  
FromELF: creating hex file...
".\bin\RTOSDemo.axf" - 0 Errors, 0 Warning(s).
Rebuild target 'RTOSDemo_THUMB'
assembling Startup.s...
compiling main.c...
compiling led.c...
compiling string.c...
compiling uart.c...
compiling keyboard.c...
compiling Servo.c...
compiling timer_interrupts.c...
compiling timer.c...
compiling watch.c...
compiling tasks.c...
compiling list.c...
compiling queue.c...
compiling port.c...
compiling heap_2.c...
assembling portASM.s...
linking...
Program Size: Code=12424 RO-data=132 RW-data=124 ZI-data=8116  
FromELF: creating hex file...
".\bin\RTOSDemo.axf" - 0 Errors, 0 Warning(s).
Rebuild target 'RTOSDemo_THUMB'
assembling Startup.s...
compiling main.c...
compiling led.c...
compiling string.c...
compiling uart.c...
compiling keyboard.c...
compiling Servo.c...
compiling timer_interrupts.c...
compiling timer.c...
compiling watch.c...
compiling tasks.c...
compiling list.c...
compiling queue.c...
compiling port.c...
compiling heap_2.c...
assembling portASM.s...
linking...
Program Size: Code=12500 RO-data=132 RW-data=124 ZI-data=8116  
FromELF: creating hex file...
".\bin\RTOSDemo.axf" - 0 Errors, 0 Warning(s).
Rebuild target 'RTOSDemo_THUMB'
assembling Startup.s...
compiling main.c...
compiling led.c...
compiling string.c...
compiling uart.c...
compiling keyboard.c...
compiling Servo.c...
compiling timer_interrupts.c...
compiling timer.c...
compiling watch.c...
compiling tasks.c...
compiling list.c...
compiling queue.c...
compiling port.c...
compiling heap_2.c...
assembling portASM.s...
linking...
Program Size: Code=12500 RO-data=132 RW-data=124 ZI-data=8116  
FromELF: creating hex file...
".\bin\RTOSDemo.axf" - 0 Errors, 0 Warning(s).
Rebuild target 'RTOSDemo_THUMB'
assembling Startup.s...
compiling main.c...
compiling led.c...
compiling string.c...
compiling uart.c...
compiling keyboard.c...
compiling Servo.c...
compiling timer_interrupts.c...
compiling timer.c...
compiling watch.c...
compiling tasks.c...
compiling list.c...
compiling queue.c...
compiling port.c...
compiling heap_2.c...
assembling portASM.s...
linking...
Program Size: Code=12500 RO-data=132 RW-data=124 ZI-data=8116  
FromELF: creating hex file...
".\bin\RTOSDemo.axf" - 0 Errors, 0 Warning(s).
Rebuild target 'RTOSDemo_THUMB'
assembling Startup.s...
compiling main.c...
compiling led.c...
compiling string.c...
compiling uart.c...
compiling keyboard.c...
compiling Servo.c...
compiling timer_interrupts.c...
compiling timer.c...
compiling watch.c...
compiling tasks.c...
compiling list.c...
compiling queue.c...
compiling port.c...
compiling heap_2.c...
assembling portASM.s...
linking...
Program Size: Code=12596 RO-data=432 RW-data=124 ZI-data=8116  
FromELF: creating hex file...
".\bin\RTOSDemo.axf" - 0 Errors, 0 Warning(s).
Rebuild target 'RTOSDemo_THUMB'
assembling Startup.s...
compiling main.c...
compiling led.c...
compiling string.c...
compiling uart.c...
compiling keyboard.c...
compiling Servo.c...
compiling timer_interrupts.c...
compiling timer.c...
compiling watch.c...
compiling tasks.c...
compiling list.c...
compiling queue.c...
compiling port.c...
compiling heap_2.c...
assembling portASM.s...
linking...
Program Size: Code=12612 RO-data=432 RW-data=124 ZI-data=8116  
FromELF: creating hex file...
".\bin\RTOSDemo.axf" - 0 Errors, 0 Warning(s).
Rebuild target 'RTOSDemo_THUMB'
assembling Startup.s...
compiling main.c...
main.c(28): warning:  #177-D: variable "seconds" was declared but never referenced
main.c(29): warning:  #177-D: variable "minutes" was declared but never referenced
compiling led.c...
compiling string.c...
compiling uart.c...
compiling keyboard.c...
compiling Servo.c...
compiling timer_interrupts.c...
compiling timer.c...
compiling watch.c...
compiling tasks.c...
compiling list.c...
compiling queue.c...
compiling port.c...
compiling heap_2.c...
assembling portASM.s...
linking...
Program Size: Code=12432 RO-data=432 RW-data=124 ZI-data=8116  
FromELF: creating hex file...
".\bin\RTOSDemo.axf" - 0 Errors, 2 Warning(s).
Rebuild target 'RTOSDemo_THUMB'
assembling Startup.s...
compiling main.c...
compiling led.c...
compiling string.c...
compiling uart.c...
compiling keyboard.c...
compiling Servo.c...
compiling timer_interrupts.c...
compiling timer.c...
compiling watch.c...
compiling tasks.c...
compiling list.c...
compiling queue.c...
compiling port.c...
compiling heap_2.c...
assembling portASM.s...
linking...
Program Size: Code=12432 RO-data=432 RW-data=124 ZI-data=8116  
FromELF: creating hex file...
".\bin\RTOSDemo.axf" - 0 Errors, 0 Warning(s).
Rebuild target 'RTOSDemo_THUMB'
assembling Startup.s...
compiling main.c...
compiling led.c...
compiling string.c...
compiling uart.c...
compiling keyboard.c...
compiling Servo.c...
compiling timer_interrupts.c...
compiling timer.c...
compiling watch.c...
compiling tasks.c...
compiling list.c...
compiling queue.c...
compiling port.c...
compiling heap_2.c...
assembling portASM.s...
linking...
Program Size: Code=12432 RO-data=432 RW-data=124 ZI-data=8116  
FromELF: creating hex file...
".\bin\RTOSDemo.axf" - 0 Errors, 0 Warning(s).
