<html>
<body>
<pre>
<h1>µVision Build Log</h1>
<h2>Project:</h2>
C:\Users\filip\Desktop\WZPSW\RTOS\4. Mechanizmy synchronizacji\4.2.2.6\FreeRTOS\Demo\ARM7_LPC2129_Keil_RVDS\RTOSDemo.uvproj
Project File Date:  03/21/2023

<h2>Output:</h2>
Rebuild target 'RTOSDemo_THUMB'
assembling Startup.s...
compiling main.c...
compiling led.c...
compiling string.c...
compiling uart.c...
compiling keyboard.c...
compiling Servo.c...
compiling timer_interrupts.c...
compiling timer.c...
compiling tasks.c...
compiling list.c...
compiling queue.c...
compiling port.c...
compiling heap_2.c...
assembling portASM.s...
linking...
Program Size: Code=11228 RO-data=32 RW-data=112 ZI-data=7992  
FromELF: creating hex file...
".\bin\RTOSDemo.axf" - 0 Errors, 0 Warning(s).
Rebuild target 'RTOSDemo_THUMB'
assembling Startup.s...
compiling main.c...
compiling led.c...
compiling string.c...
compiling uart.c...
compiling keyboard.c...
compiling Servo.c...
compiling timer_interrupts.c...
compiling timer.c...
compiling tasks.c...
compiling list.c...
compiling queue.c...
compiling port.c...
compiling heap_2.c...
assembling portASM.s...
linking...
Program Size: Code=11256 RO-data=32 RW-data=112 ZI-data=7992  
FromELF: creating hex file...
".\bin\RTOSDemo.axf" - 0 Errors, 0 Warning(s).
Rebuild target 'RTOSDemo_THUMB'
assembling Startup.s...
compiling main.c...
compiling led.c...
compiling string.c...
compiling uart.c...
compiling keyboard.c...
compiling Servo.c...
compiling timer_interrupts.c...
compiling timer.c...
compiling tasks.c...
compiling list.c...
compiling queue.c...
compiling port.c...
compiling heap_2.c...
assembling portASM.s...
linking...
Program Size: Code=11276 RO-data=32 RW-data=112 ZI-data=7992  
FromELF: creating hex file...
".\bin\RTOSDemo.axf" - 0 Errors, 0 Warning(s).
Rebuild target 'RTOSDemo_THUMB'
assembling Startup.s...
compiling main.c...
compiling led.c...
compiling string.c...
compiling uart.c...
compiling keyboard.c...
compiling Servo.c...
compiling timer_interrupts.c...
compiling timer.c...
compiling tasks.c...
compiling list.c...
compiling queue.c...
compiling port.c...
compiling heap_2.c...
assembling portASM.s...
linking...
Program Size: Code=11276 RO-data=32 RW-data=112 ZI-data=7992  
FromELF: creating hex file...
".\bin\RTOSDemo.axf" - 0 Errors, 0 Warning(s).
Rebuild target 'RTOSDemo_THUMB'
assembling Startup.s...
compiling main.c...
compiling led.c...
compiling string.c...
compiling uart.c...
compiling keyboard.c...
compiling Servo.c...
compiling timer_interrupts.c...
compiling timer.c...
compiling tasks.c...
compiling list.c...
compiling queue.c...
compiling port.c...
compiling heap_2.c...
assembling portASM.s...
linking...
Program Size: Code=11276 RO-data=32 RW-data=112 ZI-data=7992  
FromELF: creating hex file...
".\bin\RTOSDemo.axf" - 0 Errors, 0 Warning(s).
Rebuild target 'RTOSDemo_THUMB'
assembling Startup.s...
compiling main.c...
compiling led.c...
compiling string.c...
compiling uart.c...
compiling keyboard.c...
compiling Servo.c...
compiling timer_interrupts.c...
compiling timer.c...
compiling tasks.c...
compiling list.c...
compiling queue.c...
compiling port.c...
compiling heap_2.c...
assembling portASM.s...
linking...
Program Size: Code=11276 RO-data=32 RW-data=112 ZI-data=7992  
FromELF: creating hex file...
".\bin\RTOSDemo.axf" - 0 Errors, 0 Warning(s).
Rebuild target 'RTOSDemo_THUMB'
assembling Startup.s...
compiling main.c...
compiling led.c...
compiling string.c...
compiling uart.c...
compiling keyboard.c...
compiling Servo.c...
compiling timer_interrupts.c...
compiling timer.c...
compiling tasks.c...
compiling list.c...
compiling queue.c...
compiling port.c...
compiling heap_2.c...
assembling portASM.s...
linking...
Program Size: Code=11280 RO-data=32 RW-data=112 ZI-data=7992  
FromELF: creating hex file...
".\bin\RTOSDemo.axf" - 0 Errors, 0 Warning(s).
Rebuild target 'RTOSDemo_THUMB'
assembling Startup.s...
compiling main.c...
compiling led.c...
compiling string.c...
compiling uart.c...
compiling keyboard.c...
compiling Servo.c...
compiling timer_interrupts.c...
compiling timer.c...
compiling tasks.c...
compiling list.c...
compiling queue.c...
compiling port.c...
compiling heap_2.c...
assembling portASM.s...
linking...
Program Size: Code=11280 RO-data=32 RW-data=112 ZI-data=7992  
FromELF: creating hex file...
".\bin\RTOSDemo.axf" - 0 Errors, 0 Warning(s).
Rebuild target 'RTOSDemo_THUMB'
assembling Startup.s...
compiling main.c...
compiling led.c...
compiling string.c...
compiling uart.c...
compiling keyboard.c...
compiling Servo.c...
compiling timer_interrupts.c...
compiling timer.c...
compiling tasks.c...
compiling list.c...
compiling queue.c...
compiling port.c...
compiling heap_2.c...
assembling portASM.s...
linking...
Program Size: Code=11284 RO-data=32 RW-data=112 ZI-data=7992  
FromELF: creating hex file...
".\bin\RTOSDemo.axf" - 0 Errors, 0 Warning(s).
Rebuild target 'RTOSDemo_THUMB'
assembling Startup.s...
compiling main.c...
compiling led.c...
compiling string.c...
compiling uart.c...
compiling keyboard.c...
compiling Servo.c...
compiling timer_interrupts.c...
compiling timer.c...
compiling tasks.c...
compiling list.c...
compiling queue.c...
compiling port.c...
compiling heap_2.c...
assembling portASM.s...
linking...
Program Size: Code=11276 RO-data=32 RW-data=112 ZI-data=7992  
FromELF: creating hex file...
".\bin\RTOSDemo.axf" - 0 Errors, 0 Warning(s).
Rebuild target 'RTOSDemo_THUMB'
assembling Startup.s...
compiling main.c...
compiling led.c...
compiling string.c...
compiling uart.c...
compiling keyboard.c...
compiling Servo.c...
compiling timer_interrupts.c...
compiling timer.c...
compiling tasks.c...
compiling list.c...
compiling queue.c...
compiling port.c...
compiling heap_2.c...
assembling portASM.s...
linking...
Program Size: Code=11276 RO-data=32 RW-data=112 ZI-data=7992  
FromELF: creating hex file...
".\bin\RTOSDemo.axf" - 0 Errors, 0 Warning(s).
Rebuild target 'RTOSDemo_THUMB'
assembling Startup.s...
compiling main.c...
compiling led.c...
compiling string.c...
compiling uart.c...
compiling keyboard.c...
compiling Servo.c...
compiling timer_interrupts.c...
compiling timer.c...
compiling tasks.c...
compiling list.c...
compiling queue.c...
compiling port.c...
compiling heap_2.c...
assembling portASM.s...
linking...
Program Size: Code=11276 RO-data=32 RW-data=112 ZI-data=7992  
FromELF: creating hex file...
".\bin\RTOSDemo.axf" - 0 Errors, 0 Warning(s).
Rebuild target 'RTOSDemo_THUMB'
assembling Startup.s...
compiling main.c...
compiling led.c...
compiling string.c...
compiling uart.c...
compiling keyboard.c...
compiling Servo.c...
compiling timer_interrupts.c...
compiling timer.c...
compiling tasks.c...
compiling list.c...
compiling queue.c...
compiling port.c...
compiling heap_2.c...
assembling portASM.s...
linking...
Program Size: Code=11276 RO-data=32 RW-data=112 ZI-data=7992  
FromELF: creating hex file...
".\bin\RTOSDemo.axf" - 0 Errors, 0 Warning(s).
