<html>
<body>
<pre>
<h1>µVision Build Log</h1>
<h2>Project:</h2>
D:\Semestr 6\WZPSW\RTOS\5. Obsluga przerwan\5.3.1\FreeRTOS\Demo\ARM7_LPC2129_Keil_RVDS\RTOSDemo.uvproj
Project File Date:  03/23/2023

<h2>Output:</h2>
Rebuild target 'RTOSDemo_THUMB'
assembling Startup.s...
compiling main.c...
compiling led.c...
compiling string.c...
compiling uart.c...
uart.c(150): warning:  #177-D: variable "cDatatemp" was declared but never referenced
compiling keyboard.c...
compiling Servo.c...
compiling timer_interrupts.c...
compiling timer.c...
compiling tasks.c...
compiling list.c...
compiling queue.c...
compiling port.c...
compiling heap_2.c...
assembling portASM.s...
linking...
Program Size: Code=11720 RO-data=44 RW-data=112 ZI-data=8120  
FromELF: creating hex file...
".\bin\RTOSDemo.axf" - 0 Errors, 1 Warning(s).
Rebuild target 'RTOSDemo_THUMB'
assembling Startup.s...
compiling main.c...
compiling led.c...
compiling string.c...
compiling uart.c...
uart.c(150): warning:  #177-D: variable "cDatatemp" was declared but never referenced
compiling keyboard.c...
compiling Servo.c...
compiling timer_interrupts.c...
compiling timer.c...
compiling tasks.c...
compiling list.c...
compiling queue.c...
compiling port.c...
compiling heap_2.c...
assembling portASM.s...
linking...
Program Size: Code=11720 RO-data=44 RW-data=112 ZI-data=8120  
FromELF: creating hex file...
".\bin\RTOSDemo.axf" - 0 Errors, 1 Warning(s).
Rebuild target 'RTOSDemo_THUMB'
assembling Startup.s...
compiling main.c...
compiling led.c...
compiling string.c...
compiling uart.c...
uart.c(150): warning:  #177-D: variable "cDatatemp" was declared but never referenced
compiling keyboard.c...
compiling Servo.c...
compiling timer_interrupts.c...
compiling timer.c...
compiling tasks.c...
compiling list.c...
compiling queue.c...
compiling port.c...
compiling heap_2.c...
assembling portASM.s...
linking...
Program Size: Code=11720 RO-data=44 RW-data=112 ZI-data=8120  
FromELF: creating hex file...
".\bin\RTOSDemo.axf" - 0 Errors, 1 Warning(s).
Rebuild target 'RTOSDemo_THUMB'
assembling Startup.s...
compiling main.c...
compiling led.c...
compiling string.c...
compiling uart.c...
compiling keyboard.c...
compiling Servo.c...
compiling timer_interrupts.c...
compiling timer.c...
compiling tasks.c...
compiling list.c...
compiling queue.c...
compiling port.c...
compiling heap_2.c...
assembling portASM.s...
linking...
Program Size: Code=11740 RO-data=44 RW-data=112 ZI-data=8120  
FromELF: creating hex file...
".\bin\RTOSDemo.axf" - 0 Errors, 0 Warning(s).
Rebuild target 'RTOSDemo_THUMB'
assembling Startup.s...
compiling main.c...
compiling led.c...
compiling string.c...
compiling uart.c...
compiling keyboard.c...
compiling Servo.c...
compiling timer_interrupts.c...
compiling timer.c...
compiling tasks.c...
compiling list.c...
compiling queue.c...
compiling port.c...
compiling heap_2.c...
assembling portASM.s...
linking...
Program Size: Code=11740 RO-data=44 RW-data=112 ZI-data=8120  
FromELF: creating hex file...
".\bin\RTOSDemo.axf" - 0 Errors, 0 Warning(s).
Rebuild target 'RTOSDemo_THUMB'
assembling Startup.s...
compiling main.c...
compiling led.c...
compiling string.c...
compiling uart.c...
compiling keyboard.c...
compiling Servo.c...
compiling timer_interrupts.c...
compiling timer.c...
compiling tasks.c...
compiling list.c...
compiling queue.c...
compiling port.c...
compiling heap_2.c...
assembling portASM.s...
linking...
Program Size: Code=11740 RO-data=44 RW-data=112 ZI-data=8120  
FromELF: creating hex file...
".\bin\RTOSDemo.axf" - 0 Errors, 0 Warning(s).
Rebuild target 'RTOSDemo_THUMB'
assembling Startup.s...
compiling main.c...
compiling led.c...
compiling string.c...
compiling uart.c...
compiling keyboard.c...
compiling Servo.c...
compiling timer_interrupts.c...
compiling timer.c...
compiling tasks.c...
compiling list.c...
compiling queue.c...
compiling port.c...
compiling heap_2.c...
assembling portASM.s...
linking...
Program Size: Code=11728 RO-data=32 RW-data=112 ZI-data=8120  
FromELF: creating hex file...
".\bin\RTOSDemo.axf" - 0 Errors, 0 Warning(s).
