<html>
<body>
<pre>
<h1>µVision Build Log</h1>
<h2>Project:</h2>
C:\Users\filip\Desktop\WZPSW\RTOS\1. Wielowatkowosc\2.2.2\FreeRTOS\Demo\ARM7_LPC2129_Keil_RVDS\RTOSDemo.uvproj
Project File Date:  03/14/2023

<h2>Output:</h2>
Rebuild target 'RTOSDemo_THUMB'
assembling Startup.s...
compiling main.c...
compiling led.c...
compiling tasks.c...
compiling list.c...
compiling queue.c...
compiling port.c...
compiling heap_2.c...
assembling portASM.s...
linking...
Program Size: Code=8236 RO-data=32 RW-data=96 ZI-data=7992  
FromELF: creating hex file...
".\bin\RTOSDemo.axf" - 0 Errors, 0 Warning(s).
